{
    "-profile test_nanopore": {
        "content": [
            {
                "ARTIC_GUPPYPLEX": {
                    "artic": "1.6.2"
                },
                "ARTIC_MINION": {
                    "artic": "1.6.2"
                },
                "BCFTOOLS_QUERY": {
                    "bcftools": "1.23.1"
                },
                "BCFTOOLS_STATS": {
                    "bcftools": "1.23.1"
                },
                "COLLAPSE_PRIMERS": {
                    "python": "3.13.2"
                },
                "FREYJA_DEMIX": {
                    "freyja": "2.0.3"
                },
                "FREYJA_UPDATE": {
                    "freyja": "2.0.3"
                },
                "FREYJA_VARIANTS": {
                    "freyja": "2.0.3"
                },
                "GUNZIP_FASTA": {
                    "gunzip": 1.13
                },
                "GUNZIP_GFF": {
                    "gunzip": 1.13
                },
                "KRAKEN2_KRAKEN2": {
                    "kraken2": "2.1.6",
                    "pigz": 2.8
                },
                "MAKE_VARIANTS_LONG_TABLE": {
                    "python": "3.13.2"
                },
                "MOSDEPTH_AMPLICON": {
                    "gzip": 1.14,
                    "mosdepth": "0.3.14"
                },
                "MOSDEPTH_GENOME": {
                    "gzip": 1.14,
                    "mosdepth": "0.3.14"
                },
                "NANOPLOT": {
                    "nanoplot": "1.46.1"
                },
                "PANGOLIN_RUN": {
                    "pangolin": "4.3.1"
                },
                "PLOT_MOSDEPTH_REGIONS_AMPLICON": {
                    "r-base": "4.2.0"
                },
                "PLOT_MOSDEPTH_REGIONS_GENOME": {
                    "r-base": "4.2.0"
                },
                "PYCOQC": {
                    "pycoqc": "2.5.2"
                },
                "QUAST": {
                    "quast": "5.3.0"
                },
                "SAMTOOLS_FAIDX": {
                    "samtools": "1.23.1"
                },
                "SAMTOOLS_FLAGSTAT": {
                    "samtools": "1.23.1"
                },
                "SAMTOOLS_IDXSTATS": {
                    "samtools": "1.23.1"
                },
                "SAMTOOLS_INDEX": {
                    "samtools": "1.23.1"
                },
                "SAMTOOLS_STATS": {
                    "samtools": "1.23.1"
                },
                "SAMTOOLS_VIEW": {
                    "samtools": "1.23.1"
                },
                "SNPEFF_ANN": {
                    "snpeff": "5.0e"
                },
                "SNPEFF_BUILD": {
                    "snpeff": "5.0e"
                },
                "SNPSIFT_EXTRACTFIELDS": {
                    "snpsift": 4.3
                },
                "TABIX_BGZIP": {
                    "tabix": 1.21
                },
                "TABIX_TABIX": {
                    "tabix": 1.21
                },
                "UNTAR": {
                    "untar": 1.34
                },
                "UNTAR_KRAKEN2_DB": {
                    "untar": 1.34
                },
                "UNTAR_PANGODB": {
                    "untar": 1.34
                },
                "VCFLIB_VCFUNIQ": {
                    "vcflib": "1.0.14"
                },
                "Workflow": {
                    "nf-core/viralrecon": "v3.1.0dev"
                }
            },
            [
                "artic",
                "artic/SAMPLE_01.1.trimmed.rg.sorted.bam",
                "artic/SAMPLE_01.1.trimmed.rg.sorted.bam.bai",
                "artic/SAMPLE_01.2.trimmed.rg.sorted.bam",
                "artic/SAMPLE_01.2.trimmed.rg.sorted.bam.bai",
                "artic/SAMPLE_01.consensus.fasta",
                "artic/SAMPLE_01.fail.vcf",
                "artic/SAMPLE_01.merged.vcf",
                "artic/SAMPLE_01.merged.vcf.gz",
                "artic/SAMPLE_01.merged.vcf.gz.tbi",
                "artic/SAMPLE_01.normalised.vcf.gz",
                "artic/SAMPLE_01.normalised.vcf.gz.tbi",
                "artic/SAMPLE_01.pass.unique.vcf.gz",
                "artic/SAMPLE_01.pass.unique.vcf.gz.tbi",
                "artic/SAMPLE_01.pass.vcf.gz",
                "artic/SAMPLE_01.pass.vcf.gz.tbi",
                "artic/SAMPLE_01.primers.vcf",
                "artic/SAMPLE_01.primertrimmed.rg.sorted.bam",
                "artic/SAMPLE_01.primertrimmed.rg.sorted.bam.bai",
                "artic/SAMPLE_01.sorted.bam",
                "artic/SAMPLE_01.sorted.bam.bai",
                "artic/SAMPLE_01.trimmed.rg.sorted.bam",
                "artic/SAMPLE_01.trimmed.rg.sorted.bam.bai",
                "artic/SAMPLE_02.1.trimmed.rg.sorted.bam",
                "artic/SAMPLE_02.1.trimmed.rg.sorted.bam.bai",
                "artic/SAMPLE_02.2.trimmed.rg.sorted.bam",
                "artic/SAMPLE_02.2.trimmed.rg.sorted.bam.bai",
                "artic/SAMPLE_02.consensus.fasta",
                "artic/SAMPLE_02.fail.vcf",
                "artic/SAMPLE_02.merged.vcf",
                "artic/SAMPLE_02.merged.vcf.gz",
                "artic/SAMPLE_02.merged.vcf.gz.tbi",
                "artic/SAMPLE_02.normalised.vcf.gz",
                "artic/SAMPLE_02.normalised.vcf.gz.tbi",
                "artic/SAMPLE_02.pass.unique.vcf.gz",
                "artic/SAMPLE_02.pass.unique.vcf.gz.tbi",
                "artic/SAMPLE_02.pass.vcf.gz",
                "artic/SAMPLE_02.pass.vcf.gz.tbi",
                "artic/SAMPLE_02.primers.vcf",
                "artic/SAMPLE_02.primertrimmed.rg.sorted.bam",
                "artic/SAMPLE_02.primertrimmed.rg.sorted.bam.bai",
                "artic/SAMPLE_02.sorted.bam",
                "artic/SAMPLE_02.sorted.bam.bai",
                "artic/SAMPLE_02.trimmed.rg.sorted.bam",
                "artic/SAMPLE_02.trimmed.rg.sorted.bam.bai",
                "artic/SAMPLE_03.1.trimmed.rg.sorted.bam",
                "artic/SAMPLE_03.1.trimmed.rg.sorted.bam.bai",
                "artic/SAMPLE_03.2.trimmed.rg.sorted.bam",
                "artic/SAMPLE_03.2.trimmed.rg.sorted.bam.bai",
                "artic/SAMPLE_03.consensus.fasta",
                "artic/SAMPLE_03.fail.vcf",
                "artic/SAMPLE_03.merged.vcf",
                "artic/SAMPLE_03.merged.vcf.gz",
                "artic/SAMPLE_03.merged.vcf.gz.tbi",
                "artic/SAMPLE_03.normalised.vcf.gz",
                "artic/SAMPLE_03.normalised.vcf.gz.tbi",
                "artic/SAMPLE_03.pass.unique.vcf.gz",
                "artic/SAMPLE_03.pass.unique.vcf.gz.tbi",
                "artic/SAMPLE_03.pass.vcf.gz",
                "artic/SAMPLE_03.pass.vcf.gz.tbi",
                "artic/SAMPLE_03.primers.vcf",
                "artic/SAMPLE_03.primertrimmed.rg.sorted.bam",
                "artic/SAMPLE_03.primertrimmed.rg.sorted.bam.bai",
                "artic/SAMPLE_03.sorted.bam",
                "artic/SAMPLE_03.sorted.bam.bai",
                "artic/SAMPLE_03.trimmed.rg.sorted.bam",
                "artic/SAMPLE_03.trimmed.rg.sorted.bam.bai",
                "artic/SAMPLE_04.1.trimmed.rg.sorted.bam",
                "artic/SAMPLE_04.1.trimmed.rg.sorted.bam.bai",
                "artic/SAMPLE_04.2.trimmed.rg.sorted.bam",
                "artic/SAMPLE_04.2.trimmed.rg.sorted.bam.bai",
                "artic/SAMPLE_04.consensus.fasta",
                "artic/SAMPLE_04.fail.vcf",
                "artic/SAMPLE_04.merged.vcf",
                "artic/SAMPLE_04.merged.vcf.gz",
                "artic/SAMPLE_04.merged.vcf.gz.tbi",
                "artic/SAMPLE_04.normalised.vcf.gz",
                "artic/SAMPLE_04.normalised.vcf.gz.tbi",
                "artic/SAMPLE_04.pass.unique.vcf.gz",
                "artic/SAMPLE_04.pass.unique.vcf.gz.tbi",
                "artic/SAMPLE_04.pass.vcf.gz",
                "artic/SAMPLE_04.pass.vcf.gz.tbi",
                "artic/SAMPLE_04.primers.vcf",
                "artic/SAMPLE_04.primertrimmed.rg.sorted.bam",
                "artic/SAMPLE_04.primertrimmed.rg.sorted.bam.bai",
                "artic/SAMPLE_04.sorted.bam",
                "artic/SAMPLE_04.sorted.bam.bai",
                "artic/SAMPLE_04.trimmed.rg.sorted.bam",
                "artic/SAMPLE_04.trimmed.rg.sorted.bam.bai",
                "artic/SAMPLE_05.1.trimmed.rg.sorted.bam",
                "artic/SAMPLE_05.1.trimmed.rg.sorted.bam.bai",
                "artic/SAMPLE_05.2.trimmed.rg.sorted.bam",
                "artic/SAMPLE_05.2.trimmed.rg.sorted.bam.bai",
                "artic/SAMPLE_05.consensus.fasta",
                "artic/SAMPLE_05.fail.vcf",
                "artic/SAMPLE_05.merged.vcf",
                "artic/SAMPLE_05.merged.vcf.gz",
                "artic/SAMPLE_05.merged.vcf.gz.tbi",
                "artic/SAMPLE_05.normalised.vcf.gz",
                "artic/SAMPLE_05.normalised.vcf.gz.tbi",
                "artic/SAMPLE_05.pass.unique.vcf.gz",
                "artic/SAMPLE_05.pass.unique.vcf.gz.tbi",
                "artic/SAMPLE_05.pass.vcf.gz",
                "artic/SAMPLE_05.pass.vcf.gz.tbi",
                "artic/SAMPLE_05.primers.vcf",
                "artic/SAMPLE_05.primertrimmed.rg.sorted.bam",
                "artic/SAMPLE_05.primertrimmed.rg.sorted.bam.bai",
                "artic/SAMPLE_05.sorted.bam",
                "artic/SAMPLE_05.sorted.bam.bai",
                "artic/SAMPLE_05.trimmed.rg.sorted.bam",
                "artic/SAMPLE_05.trimmed.rg.sorted.bam.bai",
                "artic/SAMPLE_06.1.trimmed.rg.sorted.bam",
                "artic/SAMPLE_06.1.trimmed.rg.sorted.bam.bai",
                "artic/SAMPLE_06.2.trimmed.rg.sorted.bam",
                "artic/SAMPLE_06.2.trimmed.rg.sorted.bam.bai",
                "artic/SAMPLE_06.consensus.fasta",
                "artic/SAMPLE_06.fail.vcf",
                "artic/SAMPLE_06.merged.vcf",
                "artic/SAMPLE_06.merged.vcf.gz",
                "artic/SAMPLE_06.merged.vcf.gz.tbi",
                "artic/SAMPLE_06.normalised.vcf.gz",
                "artic/SAMPLE_06.normalised.vcf.gz.tbi",
                "artic/SAMPLE_06.pass.unique.vcf.gz",
                "artic/SAMPLE_06.pass.unique.vcf.gz.tbi",
                "artic/SAMPLE_06.pass.vcf.gz",
                "artic/SAMPLE_06.pass.vcf.gz.tbi",
                "artic/SAMPLE_06.primers.vcf",
                "artic/SAMPLE_06.primertrimmed.rg.sorted.bam",
                "artic/SAMPLE_06.primertrimmed.rg.sorted.bam.bai",
                "artic/SAMPLE_06.sorted.bam",
                "artic/SAMPLE_06.sorted.bam.bai",
                "artic/SAMPLE_06.trimmed.rg.sorted.bam",
                "artic/SAMPLE_06.trimmed.rg.sorted.bam.bai",
                "artic/SAMPLE_07.1.trimmed.rg.sorted.bam",
                "artic/SAMPLE_07.1.trimmed.rg.sorted.bam.bai",
                "artic/SAMPLE_07.2.trimmed.rg.sorted.bam",
                "artic/SAMPLE_07.2.trimmed.rg.sorted.bam.bai",
                "artic/SAMPLE_07.consensus.fasta",
                "artic/SAMPLE_07.fail.vcf",
                "artic/SAMPLE_07.merged.vcf",
                "artic/SAMPLE_07.merged.vcf.gz",
                "artic/SAMPLE_07.merged.vcf.gz.tbi",
                "artic/SAMPLE_07.normalised.vcf.gz",
                "artic/SAMPLE_07.normalised.vcf.gz.tbi",
                "artic/SAMPLE_07.pass.unique.vcf.gz",
                "artic/SAMPLE_07.pass.unique.vcf.gz.tbi",
                "artic/SAMPLE_07.pass.vcf.gz",
                "artic/SAMPLE_07.pass.vcf.gz.tbi",
                "artic/SAMPLE_07.primers.vcf",
                "artic/SAMPLE_07.primertrimmed.rg.sorted.bam",
                "artic/SAMPLE_07.primertrimmed.rg.sorted.bam.bai",
                "artic/SAMPLE_07.sorted.bam",
                "artic/SAMPLE_07.sorted.bam.bai",
                "artic/SAMPLE_07.trimmed.rg.sorted.bam",
                "artic/SAMPLE_07.trimmed.rg.sorted.bam.bai",
                "artic/SAMPLE_08.1.trimmed.rg.sorted.bam",
                "artic/SAMPLE_08.1.trimmed.rg.sorted.bam.bai",
                "artic/SAMPLE_08.2.trimmed.rg.sorted.bam",
                "artic/SAMPLE_08.2.trimmed.rg.sorted.bam.bai",
                "artic/SAMPLE_08.consensus.fasta",
                "artic/SAMPLE_08.fail.vcf",
                "artic/SAMPLE_08.merged.vcf",
                "artic/SAMPLE_08.merged.vcf.gz",
                "artic/SAMPLE_08.merged.vcf.gz.tbi",
                "artic/SAMPLE_08.normalised.vcf.gz",
                "artic/SAMPLE_08.normalised.vcf.gz.tbi",
                "artic/SAMPLE_08.pass.unique.vcf.gz",
                "artic/SAMPLE_08.pass.unique.vcf.gz.tbi",
                "artic/SAMPLE_08.pass.vcf.gz",
                "artic/SAMPLE_08.pass.vcf.gz.tbi",
                "artic/SAMPLE_08.primers.vcf",
                "artic/SAMPLE_08.primertrimmed.rg.sorted.bam",
                "artic/SAMPLE_08.primertrimmed.rg.sorted.bam.bai",
                "artic/SAMPLE_08.sorted.bam",
                "artic/SAMPLE_08.sorted.bam.bai",
                "artic/SAMPLE_08.trimmed.rg.sorted.bam",
                "artic/SAMPLE_08.trimmed.rg.sorted.bam.bai",
                "artic/SAMPLE_09.1.trimmed.rg.sorted.bam",
                "artic/SAMPLE_09.1.trimmed.rg.sorted.bam.bai",
                "artic/SAMPLE_09.2.trimmed.rg.sorted.bam",
                "artic/SAMPLE_09.2.trimmed.rg.sorted.bam.bai",
                "artic/SAMPLE_09.consensus.fasta",
                "artic/SAMPLE_09.fail.vcf",
                "artic/SAMPLE_09.merged.vcf",
                "artic/SAMPLE_09.merged.vcf.gz",
                "artic/SAMPLE_09.merged.vcf.gz.tbi",
                "artic/SAMPLE_09.normalised.vcf.gz",
                "artic/SAMPLE_09.normalised.vcf.gz.tbi",
                "artic/SAMPLE_09.pass.unique.vcf.gz",
                "artic/SAMPLE_09.pass.unique.vcf.gz.tbi",
                "artic/SAMPLE_09.pass.vcf.gz",
                "artic/SAMPLE_09.pass.vcf.gz.tbi",
                "artic/SAMPLE_09.primers.vcf",
                "artic/SAMPLE_09.primertrimmed.rg.sorted.bam",
                "artic/SAMPLE_09.primertrimmed.rg.sorted.bam.bai",
                "artic/SAMPLE_09.sorted.bam",
                "artic/SAMPLE_09.sorted.bam.bai",
                "artic/SAMPLE_09.trimmed.rg.sorted.bam",
                "artic/SAMPLE_09.trimmed.rg.sorted.bam.bai",
                "artic/align",
                "artic/align/SAMPLE_01.mapped.sorted.bam",
                "artic/align/SAMPLE_01.mapped.sorted.bam.bai",
                "artic/align/SAMPLE_02.mapped.sorted.bam",
                "artic/align/SAMPLE_02.mapped.sorted.bam.bai",
                "artic/align/SAMPLE_03.mapped.sorted.bam",
                "artic/align/SAMPLE_03.mapped.sorted.bam.bai",
                "artic/align/SAMPLE_04.mapped.sorted.bam",
                "artic/align/SAMPLE_04.mapped.sorted.bam.bai",
                "artic/align/SAMPLE_05.mapped.sorted.bam",
                "artic/align/SAMPLE_05.mapped.sorted.bam.bai",
                "artic/align/SAMPLE_06.mapped.sorted.bam",
                "artic/align/SAMPLE_06.mapped.sorted.bam.bai",
                "artic/align/SAMPLE_07.mapped.sorted.bam",
                "artic/align/SAMPLE_07.mapped.sorted.bam.bai",
                "artic/align/SAMPLE_08.mapped.sorted.bam",
                "artic/align/SAMPLE_08.mapped.sorted.bam.bai",
                "artic/align/SAMPLE_09.mapped.sorted.bam",
                "artic/align/SAMPLE_09.mapped.sorted.bam.bai",
                "artic/bcftools_stats",
                "artic/bcftools_stats/SAMPLE_01.bcftools_stats.txt",
                "artic/bcftools_stats/SAMPLE_02.bcftools_stats.txt",
                "artic/bcftools_stats/SAMPLE_03.bcftools_stats.txt",
                "artic/bcftools_stats/SAMPLE_04.bcftools_stats.txt",
                "artic/bcftools_stats/SAMPLE_05.bcftools_stats.txt",
                "artic/bcftools_stats/SAMPLE_06.bcftools_stats.txt",
                "artic/bcftools_stats/SAMPLE_07.bcftools_stats.txt",
                "artic/bcftools_stats/SAMPLE_08.bcftools_stats.txt",
                "artic/bcftools_stats/SAMPLE_09.bcftools_stats.txt",
                "artic/freyja",
                "artic/freyja/SARS-CoV-2",
                "artic/freyja/SARS-CoV-2/curated_lineages.json",
                "artic/freyja/SARS-CoV-2/lineages.yml",
                "artic/freyja/SARS-CoV-2/pathogen_config.yml",
                "artic/freyja/SARS-CoV-2/usher_barcodes.feather",
                "artic/freyja/demix",
                "artic/freyja/demix/SAMPLE_01.tsv",
                "artic/freyja/demix/SAMPLE_02.tsv",
                "artic/freyja/demix/SAMPLE_03.tsv",
                "artic/freyja/demix/SAMPLE_04.tsv",
                "artic/freyja/demix/SAMPLE_05.tsv",
                "artic/freyja/demix/SAMPLE_06.tsv",
                "artic/freyja/demix/SAMPLE_07.tsv",
                "artic/freyja/demix/SAMPLE_09.tsv",
                "artic/freyja/variants",
                "artic/freyja/variants/SAMPLE_01.depth.tsv",
                "artic/freyja/variants/SAMPLE_01.variants.tsv",
                "artic/freyja/variants/SAMPLE_02.depth.tsv",
                "artic/freyja/variants/SAMPLE_02.variants.tsv",
                "artic/freyja/variants/SAMPLE_03.depth.tsv",
                "artic/freyja/variants/SAMPLE_03.variants.tsv",
                "artic/freyja/variants/SAMPLE_04.depth.tsv",
                "artic/freyja/variants/SAMPLE_04.variants.tsv",
                "artic/freyja/variants/SAMPLE_05.depth.tsv",
                "artic/freyja/variants/SAMPLE_05.variants.tsv",
                "artic/freyja/variants/SAMPLE_06.depth.tsv",
                "artic/freyja/variants/SAMPLE_06.variants.tsv",
                "artic/freyja/variants/SAMPLE_07.depth.tsv",
                "artic/freyja/variants/SAMPLE_07.variants.tsv",
                "artic/freyja/variants/SAMPLE_09.depth.tsv",
                "artic/freyja/variants/SAMPLE_09.variants.tsv",
                "artic/mosdepth",
                "artic/mosdepth/amplicon",
                "artic/mosdepth/amplicon/SAMPLE_01.mosdepth.coverage.pdf",
                "artic/mosdepth/amplicon/SAMPLE_01.mosdepth.coverage.tsv",
                "artic/mosdepth/amplicon/SAMPLE_01.mosdepth.summary.txt",
                "artic/mosdepth/amplicon/SAMPLE_02.mosdepth.coverage.pdf",
                "artic/mosdepth/amplicon/SAMPLE_02.mosdepth.coverage.tsv",
                "artic/mosdepth/amplicon/SAMPLE_02.mosdepth.summary.txt",
                "artic/mosdepth/amplicon/SAMPLE_03.mosdepth.coverage.pdf",
                "artic/mosdepth/amplicon/SAMPLE_03.mosdepth.coverage.tsv",
                "artic/mosdepth/amplicon/SAMPLE_03.mosdepth.summary.txt",
                "artic/mosdepth/amplicon/SAMPLE_04.mosdepth.coverage.pdf",
                "artic/mosdepth/amplicon/SAMPLE_04.mosdepth.coverage.tsv",
                "artic/mosdepth/amplicon/SAMPLE_04.mosdepth.summary.txt",
                "artic/mosdepth/amplicon/SAMPLE_05.mosdepth.coverage.pdf",
                "artic/mosdepth/amplicon/SAMPLE_05.mosdepth.coverage.tsv",
                "artic/mosdepth/amplicon/SAMPLE_05.mosdepth.summary.txt",
                "artic/mosdepth/amplicon/SAMPLE_06.mosdepth.coverage.pdf",
                "artic/mosdepth/amplicon/SAMPLE_06.mosdepth.coverage.tsv",
                "artic/mosdepth/amplicon/SAMPLE_06.mosdepth.summary.txt",
                "artic/mosdepth/amplicon/SAMPLE_07.mosdepth.coverage.pdf",
                "artic/mosdepth/amplicon/SAMPLE_07.mosdepth.coverage.tsv",
                "artic/mosdepth/amplicon/SAMPLE_07.mosdepth.summary.txt",
                "artic/mosdepth/amplicon/SAMPLE_09.mosdepth.coverage.pdf",
                "artic/mosdepth/amplicon/SAMPLE_09.mosdepth.coverage.tsv",
                "artic/mosdepth/amplicon/SAMPLE_09.mosdepth.summary.txt",
                "artic/mosdepth/amplicon/all_samples.mosdepth.coverage.tsv",
                "artic/mosdepth/amplicon/all_samples.mosdepth.heatmap.pdf",
                "artic/mosdepth/amplicon/all_samples.mosdepth.heatmap.tsv",
                "artic/mosdepth/genome",
                "artic/mosdepth/genome/SAMPLE_01.mosdepth.coverage.pdf",
                "artic/mosdepth/genome/SAMPLE_01.mosdepth.coverage.tsv",
                "artic/mosdepth/genome/SAMPLE_01.mosdepth.summary.txt",
                "artic/mosdepth/genome/SAMPLE_02.mosdepth.coverage.pdf",
                "artic/mosdepth/genome/SAMPLE_02.mosdepth.coverage.tsv",
                "artic/mosdepth/genome/SAMPLE_02.mosdepth.summary.txt",
                "artic/mosdepth/genome/SAMPLE_03.mosdepth.coverage.pdf",
                "artic/mosdepth/genome/SAMPLE_03.mosdepth.coverage.tsv",
                "artic/mosdepth/genome/SAMPLE_03.mosdepth.summary.txt",
                "artic/mosdepth/genome/SAMPLE_04.mosdepth.coverage.pdf",
                "artic/mosdepth/genome/SAMPLE_04.mosdepth.coverage.tsv",
                "artic/mosdepth/genome/SAMPLE_04.mosdepth.summary.txt",
                "artic/mosdepth/genome/SAMPLE_05.mosdepth.coverage.pdf",
                "artic/mosdepth/genome/SAMPLE_05.mosdepth.coverage.tsv",
                "artic/mosdepth/genome/SAMPLE_05.mosdepth.summary.txt",
                "artic/mosdepth/genome/SAMPLE_06.mosdepth.coverage.pdf",
                "artic/mosdepth/genome/SAMPLE_06.mosdepth.coverage.tsv",
                "artic/mosdepth/genome/SAMPLE_06.mosdepth.summary.txt",
                "artic/mosdepth/genome/SAMPLE_07.mosdepth.coverage.pdf",
                "artic/mosdepth/genome/SAMPLE_07.mosdepth.coverage.tsv",
                "artic/mosdepth/genome/SAMPLE_07.mosdepth.summary.txt",
                "artic/mosdepth/genome/SAMPLE_09.mosdepth.coverage.pdf",
                "artic/mosdepth/genome/SAMPLE_09.mosdepth.coverage.tsv",
                "artic/mosdepth/genome/SAMPLE_09.mosdepth.summary.txt",
                "artic/mosdepth/genome/all_samples.mosdepth.coverage.tsv",
                "artic/nextclade",
                "artic/nextclade/SAMPLE_01.csv",
                "artic/nextclade/SAMPLE_02.csv",
                "artic/nextclade/SAMPLE_03.csv",
                "artic/nextclade/SAMPLE_04.csv",
                "artic/nextclade/SAMPLE_05.csv",
                "artic/nextclade/SAMPLE_06.csv",
                "artic/nextclade/SAMPLE_07.csv",
                "artic/nextclade/SAMPLE_08.csv",
                "artic/nextclade/SAMPLE_09.csv",
                "artic/pangolin",
                "artic/pangolin/SAMPLE_01.pangolin.csv",
                "artic/pangolin/SAMPLE_02.pangolin.csv",
                "artic/pangolin/SAMPLE_03.pangolin.csv",
                "artic/pangolin/SAMPLE_04.pangolin.csv",
                "artic/pangolin/SAMPLE_05.pangolin.csv",
                "artic/pangolin/SAMPLE_06.pangolin.csv",
                "artic/pangolin/SAMPLE_07.pangolin.csv",
                "artic/pangolin/SAMPLE_08.pangolin.csv",
                "artic/pangolin/SAMPLE_09.pangolin.csv",
                "artic/quast",
                "artic/quast/aligned_stats",
                "artic/quast/aligned_stats/NAx_plot.pdf",
                "artic/quast/aligned_stats/NGAx_plot.pdf",
                "artic/quast/aligned_stats/cumulative_plot.pdf",
                "artic/quast/basic_stats",
                "artic/quast/basic_stats/GC_content_plot.pdf",
                "artic/quast/basic_stats/NGx_plot.pdf",
                "artic/quast/basic_stats/Nx_plot.pdf",
                "artic/quast/basic_stats/SAMPLE_01.consensus_GC_content_plot.pdf",
                "artic/quast/basic_stats/SAMPLE_02.consensus_GC_content_plot.pdf",
                "artic/quast/basic_stats/SAMPLE_03.consensus_GC_content_plot.pdf",
                "artic/quast/basic_stats/SAMPLE_04.consensus_GC_content_plot.pdf",
                "artic/quast/basic_stats/SAMPLE_05.consensus_GC_content_plot.pdf",
                "artic/quast/basic_stats/SAMPLE_06.consensus_GC_content_plot.pdf",
                "artic/quast/basic_stats/SAMPLE_07.consensus_GC_content_plot.pdf",
                "artic/quast/basic_stats/SAMPLE_09.consensus_GC_content_plot.pdf",
                "artic/quast/basic_stats/cumulative_plot.pdf",
                "artic/quast/basic_stats/gc.icarus.txt",
                "artic/quast/contigs_reports",
                "artic/quast/contigs_reports/SAMPLE_01-consensus.mis_contigs.fa",
                "artic/quast/contigs_reports/SAMPLE_01-consensus.misassemblies.gff",
                "artic/quast/contigs_reports/SAMPLE_02-consensus.mis_contigs.fa",
                "artic/quast/contigs_reports/SAMPLE_02-consensus.misassemblies.gff",
                "artic/quast/contigs_reports/SAMPLE_03-consensus.mis_contigs.fa",
                "artic/quast/contigs_reports/SAMPLE_03-consensus.misassemblies.gff",
                "artic/quast/contigs_reports/SAMPLE_04-consensus.mis_contigs.fa",
                "artic/quast/contigs_reports/SAMPLE_04-consensus.misassemblies.gff",
                "artic/quast/contigs_reports/SAMPLE_05-consensus.mis_contigs.fa",
                "artic/quast/contigs_reports/SAMPLE_05-consensus.misassemblies.gff",
                "artic/quast/contigs_reports/SAMPLE_06-consensus.mis_contigs.fa",
                "artic/quast/contigs_reports/SAMPLE_06-consensus.misassemblies.gff",
                "artic/quast/contigs_reports/SAMPLE_07-consensus.mis_contigs.fa",
                "artic/quast/contigs_reports/SAMPLE_07-consensus.misassemblies.gff",
                "artic/quast/contigs_reports/SAMPLE_09-consensus.mis_contigs.fa",
                "artic/quast/contigs_reports/SAMPLE_09-consensus.misassemblies.gff",
                "artic/quast/contigs_reports/all_alignments_SAMPLE_01-consensus.tsv",
                "artic/quast/contigs_reports/all_alignments_SAMPLE_02-consensus.tsv",
                "artic/quast/contigs_reports/all_alignments_SAMPLE_03-consensus.tsv",
                "artic/quast/contigs_reports/all_alignments_SAMPLE_04-consensus.tsv",
                "artic/quast/contigs_reports/all_alignments_SAMPLE_05-consensus.tsv",
                "artic/quast/contigs_reports/all_alignments_SAMPLE_06-consensus.tsv",
                "artic/quast/contigs_reports/all_alignments_SAMPLE_07-consensus.tsv",
                "artic/quast/contigs_reports/all_alignments_SAMPLE_09-consensus.tsv",
                "artic/quast/contigs_reports/contigs_report_SAMPLE_01-consensus.mis_contigs.info",
                "artic/quast/contigs_reports/contigs_report_SAMPLE_01-consensus.stderr",
                "artic/quast/contigs_reports/contigs_report_SAMPLE_01-consensus.stdout",
                "artic/quast/contigs_reports/contigs_report_SAMPLE_01-consensus.unaligned.info",
                "artic/quast/contigs_reports/contigs_report_SAMPLE_02-consensus.mis_contigs.info",
                "artic/quast/contigs_reports/contigs_report_SAMPLE_02-consensus.stderr",
                "artic/quast/contigs_reports/contigs_report_SAMPLE_02-consensus.stdout",
                "artic/quast/contigs_reports/contigs_report_SAMPLE_02-consensus.unaligned.info",
                "artic/quast/contigs_reports/contigs_report_SAMPLE_03-consensus.mis_contigs.info",
                "artic/quast/contigs_reports/contigs_report_SAMPLE_03-consensus.stderr",
                "artic/quast/contigs_reports/contigs_report_SAMPLE_03-consensus.stdout",
                "artic/quast/contigs_reports/contigs_report_SAMPLE_03-consensus.unaligned.info",
                "artic/quast/contigs_reports/contigs_report_SAMPLE_04-consensus.mis_contigs.info",
                "artic/quast/contigs_reports/contigs_report_SAMPLE_04-consensus.stderr",
                "artic/quast/contigs_reports/contigs_report_SAMPLE_04-consensus.stdout",
                "artic/quast/contigs_reports/contigs_report_SAMPLE_04-consensus.unaligned.info",
                "artic/quast/contigs_reports/contigs_report_SAMPLE_05-consensus.mis_contigs.info",
                "artic/quast/contigs_reports/contigs_report_SAMPLE_05-consensus.stderr",
                "artic/quast/contigs_reports/contigs_report_SAMPLE_05-consensus.stdout",
                "artic/quast/contigs_reports/contigs_report_SAMPLE_05-consensus.unaligned.info",
                "artic/quast/contigs_reports/contigs_report_SAMPLE_06-consensus.mis_contigs.info",
                "artic/quast/contigs_reports/contigs_report_SAMPLE_06-consensus.stderr",
                "artic/quast/contigs_reports/contigs_report_SAMPLE_06-consensus.stdout",
                "artic/quast/contigs_reports/contigs_report_SAMPLE_06-consensus.unaligned.info",
                "artic/quast/contigs_reports/contigs_report_SAMPLE_07-consensus.mis_contigs.info",
                "artic/quast/contigs_reports/contigs_report_SAMPLE_07-consensus.stderr",
                "artic/quast/contigs_reports/contigs_report_SAMPLE_07-consensus.stdout",
                "artic/quast/contigs_reports/contigs_report_SAMPLE_07-consensus.unaligned.info",
                "artic/quast/contigs_reports/contigs_report_SAMPLE_09-consensus.mis_contigs.info",
                "artic/quast/contigs_reports/contigs_report_SAMPLE_09-consensus.stderr",
                "artic/quast/contigs_reports/contigs_report_SAMPLE_09-consensus.stdout",
                "artic/quast/contigs_reports/contigs_report_SAMPLE_09-consensus.unaligned.info",
                "artic/quast/contigs_reports/minimap_output",
                "artic/quast/contigs_reports/minimap_output/SAMPLE_01-consensus.coords",
                "artic/quast/contigs_reports/minimap_output/SAMPLE_01-consensus.coords.filtered",
                "artic/quast/contigs_reports/minimap_output/SAMPLE_01-consensus.coords_tmp",
                "artic/quast/contigs_reports/minimap_output/SAMPLE_01-consensus.sf",
                "artic/quast/contigs_reports/minimap_output/SAMPLE_01-consensus.unaligned",
                "artic/quast/contigs_reports/minimap_output/SAMPLE_01-consensus.used_snps",
                "artic/quast/contigs_reports/minimap_output/SAMPLE_02-consensus.coords",
                "artic/quast/contigs_reports/minimap_output/SAMPLE_02-consensus.coords.filtered",
                "artic/quast/contigs_reports/minimap_output/SAMPLE_02-consensus.coords_tmp",
                "artic/quast/contigs_reports/minimap_output/SAMPLE_02-consensus.sf",
                "artic/quast/contigs_reports/minimap_output/SAMPLE_02-consensus.unaligned",
                "artic/quast/contigs_reports/minimap_output/SAMPLE_02-consensus.used_snps",
                "artic/quast/contigs_reports/minimap_output/SAMPLE_03-consensus.coords",
                "artic/quast/contigs_reports/minimap_output/SAMPLE_03-consensus.coords.filtered",
                "artic/quast/contigs_reports/minimap_output/SAMPLE_03-consensus.coords_tmp",
                "artic/quast/contigs_reports/minimap_output/SAMPLE_03-consensus.sf",
                "artic/quast/contigs_reports/minimap_output/SAMPLE_03-consensus.unaligned",
                "artic/quast/contigs_reports/minimap_output/SAMPLE_03-consensus.used_snps",
                "artic/quast/contigs_reports/minimap_output/SAMPLE_04-consensus.coords",
                "artic/quast/contigs_reports/minimap_output/SAMPLE_04-consensus.coords.filtered",
                "artic/quast/contigs_reports/minimap_output/SAMPLE_04-consensus.coords_tmp",
                "artic/quast/contigs_reports/minimap_output/SAMPLE_04-consensus.sf",
                "artic/quast/contigs_reports/minimap_output/SAMPLE_04-consensus.unaligned",
                "artic/quast/contigs_reports/minimap_output/SAMPLE_04-consensus.used_snps",
                "artic/quast/contigs_reports/minimap_output/SAMPLE_05-consensus.coords",
                "artic/quast/contigs_reports/minimap_output/SAMPLE_05-consensus.coords.filtered",
                "artic/quast/contigs_reports/minimap_output/SAMPLE_05-consensus.coords_tmp",
                "artic/quast/contigs_reports/minimap_output/SAMPLE_05-consensus.sf",
                "artic/quast/contigs_reports/minimap_output/SAMPLE_05-consensus.unaligned",
                "artic/quast/contigs_reports/minimap_output/SAMPLE_05-consensus.used_snps",
                "artic/quast/contigs_reports/minimap_output/SAMPLE_06-consensus.coords",
                "artic/quast/contigs_reports/minimap_output/SAMPLE_06-consensus.coords.filtered",
                "artic/quast/contigs_reports/minimap_output/SAMPLE_06-consensus.coords_tmp",
                "artic/quast/contigs_reports/minimap_output/SAMPLE_06-consensus.sf",
                "artic/quast/contigs_reports/minimap_output/SAMPLE_06-consensus.unaligned",
                "artic/quast/contigs_reports/minimap_output/SAMPLE_06-consensus.used_snps",
                "artic/quast/contigs_reports/minimap_output/SAMPLE_07-consensus.coords",
                "artic/quast/contigs_reports/minimap_output/SAMPLE_07-consensus.coords.filtered",
                "artic/quast/contigs_reports/minimap_output/SAMPLE_07-consensus.coords_tmp",
                "artic/quast/contigs_reports/minimap_output/SAMPLE_07-consensus.sf",
                "artic/quast/contigs_reports/minimap_output/SAMPLE_07-consensus.unaligned",
                "artic/quast/contigs_reports/minimap_output/SAMPLE_07-consensus.used_snps",
                "artic/quast/contigs_reports/minimap_output/SAMPLE_09-consensus.coords",
                "artic/quast/contigs_reports/minimap_output/SAMPLE_09-consensus.coords.filtered",
                "artic/quast/contigs_reports/minimap_output/SAMPLE_09-consensus.coords_tmp",
                "artic/quast/contigs_reports/minimap_output/SAMPLE_09-consensus.sf",
                "artic/quast/contigs_reports/minimap_output/SAMPLE_09-consensus.unaligned",
                "artic/quast/contigs_reports/minimap_output/SAMPLE_09-consensus.used_snps",
                "artic/quast/contigs_reports/misassemblies_frcurve_plot.pdf",
                "artic/quast/contigs_reports/misassemblies_plot.pdf",
                "artic/quast/contigs_reports/misassemblies_report.tex",
                "artic/quast/contigs_reports/misassemblies_report.tsv",
                "artic/quast/contigs_reports/misassemblies_report.txt",
                "artic/quast/contigs_reports/transposed_report_misassemblies.tex",
                "artic/quast/contigs_reports/transposed_report_misassemblies.tsv",
                "artic/quast/contigs_reports/transposed_report_misassemblies.txt",
                "artic/quast/contigs_reports/unaligned_report.tex",
                "artic/quast/contigs_reports/unaligned_report.tsv",
                "artic/quast/contigs_reports/unaligned_report.txt",
                "artic/quast/genome_stats",
                "artic/quast/genome_stats/SAMPLE_01-consensus_gaps.txt",
                "artic/quast/genome_stats/SAMPLE_01-consensus_genomic_features_any.txt",
                "artic/quast/genome_stats/SAMPLE_02-consensus_gaps.txt",
                "artic/quast/genome_stats/SAMPLE_02-consensus_genomic_features_any.txt",
                "artic/quast/genome_stats/SAMPLE_03-consensus_gaps.txt",
                "artic/quast/genome_stats/SAMPLE_03-consensus_genomic_features_any.txt",
                "artic/quast/genome_stats/SAMPLE_04-consensus_gaps.txt",
                "artic/quast/genome_stats/SAMPLE_04-consensus_genomic_features_any.txt",
                "artic/quast/genome_stats/SAMPLE_05-consensus_gaps.txt",
                "artic/quast/genome_stats/SAMPLE_05-consensus_genomic_features_any.txt",
                "artic/quast/genome_stats/SAMPLE_06-consensus_gaps.txt",
                "artic/quast/genome_stats/SAMPLE_06-consensus_genomic_features_any.txt",
                "artic/quast/genome_stats/SAMPLE_07-consensus_gaps.txt",
                "artic/quast/genome_stats/SAMPLE_07-consensus_genomic_features_any.txt",
                "artic/quast/genome_stats/SAMPLE_09-consensus_gaps.txt",
                "artic/quast/genome_stats/SAMPLE_09-consensus_genomic_features_any.txt",
                "artic/quast/genome_stats/complete_features_histogram.pdf",
                "artic/quast/genome_stats/features_cumulative_plot.pdf",
                "artic/quast/genome_stats/features_frcurve_plot.pdf",
                "artic/quast/genome_stats/genome_fraction_histogram.pdf",
                "artic/quast/genome_stats/genome_info.txt",
                "artic/quast/icarus.html",
                "artic/quast/icarus_viewers",
                "artic/quast/icarus_viewers/alignment_viewer.html",
                "artic/quast/icarus_viewers/contig_size_viewer.html",
                "artic/quast/quast.log",
                "artic/quast/report.html",
                "artic/quast/report.pdf",
                "artic/quast/report.tex",
                "artic/quast/report.tsv",
                "artic/quast/report.txt",
                "artic/quast/transposed_report.tex",
                "artic/quast/transposed_report.tsv",
                "artic/quast/transposed_report.txt",
                "artic/samtools_stats",
                "artic/samtools_stats/SAMPLE_01.mapped.sorted.bam.flagstat",
                "artic/samtools_stats/SAMPLE_01.mapped.sorted.bam.idxstats",
                "artic/samtools_stats/SAMPLE_01.mapped.sorted.bam.stats",
                "artic/samtools_stats/SAMPLE_02.mapped.sorted.bam.flagstat",
                "artic/samtools_stats/SAMPLE_02.mapped.sorted.bam.idxstats",
                "artic/samtools_stats/SAMPLE_02.mapped.sorted.bam.stats",
                "artic/samtools_stats/SAMPLE_03.mapped.sorted.bam.flagstat",
                "artic/samtools_stats/SAMPLE_03.mapped.sorted.bam.idxstats",
                "artic/samtools_stats/SAMPLE_03.mapped.sorted.bam.stats",
                "artic/samtools_stats/SAMPLE_04.mapped.sorted.bam.flagstat",
                "artic/samtools_stats/SAMPLE_04.mapped.sorted.bam.idxstats",
                "artic/samtools_stats/SAMPLE_04.mapped.sorted.bam.stats",
                "artic/samtools_stats/SAMPLE_05.mapped.sorted.bam.flagstat",
                "artic/samtools_stats/SAMPLE_05.mapped.sorted.bam.idxstats",
                "artic/samtools_stats/SAMPLE_05.mapped.sorted.bam.stats",
                "artic/samtools_stats/SAMPLE_06.mapped.sorted.bam.flagstat",
                "artic/samtools_stats/SAMPLE_06.mapped.sorted.bam.idxstats",
                "artic/samtools_stats/SAMPLE_06.mapped.sorted.bam.stats",
                "artic/samtools_stats/SAMPLE_07.mapped.sorted.bam.flagstat",
                "artic/samtools_stats/SAMPLE_07.mapped.sorted.bam.idxstats",
                "artic/samtools_stats/SAMPLE_07.mapped.sorted.bam.stats",
                "artic/samtools_stats/SAMPLE_08.mapped.sorted.bam.flagstat",
                "artic/samtools_stats/SAMPLE_08.mapped.sorted.bam.idxstats",
                "artic/samtools_stats/SAMPLE_08.mapped.sorted.bam.stats",
                "artic/samtools_stats/SAMPLE_09.mapped.sorted.bam.flagstat",
                "artic/samtools_stats/SAMPLE_09.mapped.sorted.bam.idxstats",
                "artic/samtools_stats/SAMPLE_09.mapped.sorted.bam.stats",
                "artic/snpeff",
                "artic/snpeff/SAMPLE_01.snpeff.csv",
                "artic/snpeff/SAMPLE_01.snpeff.genes.txt",
                "artic/snpeff/SAMPLE_01.snpeff.summary.html",
                "artic/snpeff/SAMPLE_01.snpeff.vcf.gz",
                "artic/snpeff/SAMPLE_01.snpeff.vcf.gz.tbi",
                "artic/snpeff/SAMPLE_01.snpsift.txt",
                "artic/snpeff/SAMPLE_02.snpeff.csv",
                "artic/snpeff/SAMPLE_02.snpeff.genes.txt",
                "artic/snpeff/SAMPLE_02.snpeff.summary.html",
                "artic/snpeff/SAMPLE_02.snpeff.vcf.gz",
                "artic/snpeff/SAMPLE_02.snpeff.vcf.gz.tbi",
                "artic/snpeff/SAMPLE_02.snpsift.txt",
                "artic/snpeff/SAMPLE_03.snpeff.csv",
                "artic/snpeff/SAMPLE_03.snpeff.genes.txt",
                "artic/snpeff/SAMPLE_03.snpeff.summary.html",
                "artic/snpeff/SAMPLE_03.snpeff.vcf.gz",
                "artic/snpeff/SAMPLE_03.snpeff.vcf.gz.tbi",
                "artic/snpeff/SAMPLE_03.snpsift.txt",
                "artic/snpeff/SAMPLE_04.snpeff.csv",
                "artic/snpeff/SAMPLE_04.snpeff.genes.txt",
                "artic/snpeff/SAMPLE_04.snpeff.summary.html",
                "artic/snpeff/SAMPLE_04.snpeff.vcf.gz",
                "artic/snpeff/SAMPLE_04.snpeff.vcf.gz.tbi",
                "artic/snpeff/SAMPLE_04.snpsift.txt",
                "artic/snpeff/SAMPLE_05.snpeff.csv",
                "artic/snpeff/SAMPLE_05.snpeff.genes.txt",
                "artic/snpeff/SAMPLE_05.snpeff.summary.html",
                "artic/snpeff/SAMPLE_05.snpeff.vcf.gz",
                "artic/snpeff/SAMPLE_05.snpeff.vcf.gz.tbi",
                "artic/snpeff/SAMPLE_05.snpsift.txt",
                "artic/snpeff/SAMPLE_06.snpeff.csv",
                "artic/snpeff/SAMPLE_06.snpeff.genes.txt",
                "artic/snpeff/SAMPLE_06.snpeff.summary.html",
                "artic/snpeff/SAMPLE_06.snpeff.vcf.gz",
                "artic/snpeff/SAMPLE_06.snpeff.vcf.gz.tbi",
                "artic/snpeff/SAMPLE_06.snpsift.txt",
                "artic/snpeff/SAMPLE_07.snpeff.csv",
                "artic/snpeff/SAMPLE_07.snpeff.genes.txt",
                "artic/snpeff/SAMPLE_07.snpeff.summary.html",
                "artic/snpeff/SAMPLE_07.snpeff.vcf.gz",
                "artic/snpeff/SAMPLE_07.snpeff.vcf.gz.tbi",
                "artic/snpeff/SAMPLE_07.snpsift.txt",
                "artic/snpeff/SAMPLE_08.snpeff.csv",
                "artic/snpeff/SAMPLE_08.snpeff.genes.txt",
                "artic/snpeff/SAMPLE_08.snpeff.summary.html",
                "artic/snpeff/SAMPLE_08.snpeff.vcf.gz",
                "artic/snpeff/SAMPLE_08.snpeff.vcf.gz.tbi",
                "artic/snpeff/SAMPLE_08.snpsift.txt",
                "artic/snpeff/SAMPLE_09.snpeff.csv",
                "artic/snpeff/SAMPLE_09.snpeff.genes.txt",
                "artic/snpeff/SAMPLE_09.snpeff.summary.html",
                "artic/snpeff/SAMPLE_09.snpeff.vcf.gz",
                "artic/snpeff/SAMPLE_09.snpeff.vcf.gz.tbi",
                "artic/snpeff/SAMPLE_09.snpsift.txt",
                "artic/snpeff/bcftools_stats",
                "artic/snpeff/bcftools_stats/SAMPLE_01.snpeff.bcftools_stats.txt",
                "artic/snpeff/bcftools_stats/SAMPLE_02.snpeff.bcftools_stats.txt",
                "artic/snpeff/bcftools_stats/SAMPLE_03.snpeff.bcftools_stats.txt",
                "artic/snpeff/bcftools_stats/SAMPLE_04.snpeff.bcftools_stats.txt",
                "artic/snpeff/bcftools_stats/SAMPLE_05.snpeff.bcftools_stats.txt",
                "artic/snpeff/bcftools_stats/SAMPLE_06.snpeff.bcftools_stats.txt",
                "artic/snpeff/bcftools_stats/SAMPLE_07.snpeff.bcftools_stats.txt",
                "artic/snpeff/bcftools_stats/SAMPLE_08.snpeff.bcftools_stats.txt",
                "artic/snpeff/bcftools_stats/SAMPLE_09.snpeff.bcftools_stats.txt",
                "artic/variants_long_table.csv",
                "kraken2",
                "kraken2/SAMPLE_01.classified.fastq.gz",
                "kraken2/SAMPLE_01.kraken2.classifiedreads.txt",
                "kraken2/SAMPLE_01.kraken2.report.txt",
                "kraken2/SAMPLE_01.unclassified.fastq.gz",
                "kraken2/SAMPLE_02.classified.fastq.gz",
                "kraken2/SAMPLE_02.kraken2.classifiedreads.txt",
                "kraken2/SAMPLE_02.kraken2.report.txt",
                "kraken2/SAMPLE_02.unclassified.fastq.gz",
                "kraken2/SAMPLE_03.classified.fastq.gz",
                "kraken2/SAMPLE_03.kraken2.classifiedreads.txt",
                "kraken2/SAMPLE_03.kraken2.report.txt",
                "kraken2/SAMPLE_03.unclassified.fastq.gz",
                "kraken2/SAMPLE_04.classified.fastq.gz",
                "kraken2/SAMPLE_04.kraken2.classifiedreads.txt",
                "kraken2/SAMPLE_04.kraken2.report.txt",
                "kraken2/SAMPLE_04.unclassified.fastq.gz",
                "kraken2/SAMPLE_05.classified.fastq.gz",
                "kraken2/SAMPLE_05.kraken2.classifiedreads.txt",
                "kraken2/SAMPLE_05.kraken2.report.txt",
                "kraken2/SAMPLE_05.unclassified.fastq.gz",
                "kraken2/SAMPLE_06.classified.fastq.gz",
                "kraken2/SAMPLE_06.kraken2.classifiedreads.txt",
                "kraken2/SAMPLE_06.kraken2.report.txt",
                "kraken2/SAMPLE_06.unclassified.fastq.gz",
                "kraken2/SAMPLE_07.classified.fastq.gz",
                "kraken2/SAMPLE_07.kraken2.classifiedreads.txt",
                "kraken2/SAMPLE_07.kraken2.report.txt",
                "kraken2/SAMPLE_07.unclassified.fastq.gz",
                "kraken2/SAMPLE_08.classified.fastq.gz",
                "kraken2/SAMPLE_08.kraken2.classifiedreads.txt",
                "kraken2/SAMPLE_08.kraken2.report.txt",
                "kraken2/SAMPLE_08.unclassified.fastq.gz",
                "kraken2/SAMPLE_09.classified.fastq.gz",
                "kraken2/SAMPLE_09.kraken2.classifiedreads.txt",
                "kraken2/SAMPLE_09.kraken2.report.txt",
                "kraken2/SAMPLE_09.unclassified.fastq.gz",
                "multiqc",
                "multiqc/multiqc_data",
                "multiqc/multiqc_data/Freyja_plot.yaml",
                "multiqc/multiqc_data/bcftools-stats-subtypes.yaml",
                "multiqc/multiqc_data/bcftools_stats_indel-lengths.yaml",
                "multiqc/multiqc_data/bcftools_stats_vqc_Count_Indels.yaml",
                "multiqc/multiqc_data/bcftools_stats_vqc_Count_SNP.yaml",
                "multiqc/multiqc_data/bcftools_stats_vqc_Count_Transitions.yaml",
                "multiqc/multiqc_data/bcftools_stats_vqc_Count_Transversions.yaml",
                "multiqc/multiqc_data/kraken-top-n-plot_Class.yaml",
                "multiqc/multiqc_data/kraken-top-n-plot_Domain.yaml",
                "multiqc/multiqc_data/kraken-top-n-plot_Family.yaml",
                "multiqc/multiqc_data/kraken-top-n-plot_Genus.yaml",
                "multiqc/multiqc_data/kraken-top-n-plot_Order.yaml",
                "multiqc/multiqc_data/kraken-top-n-plot_Phylum.yaml",
                "multiqc/multiqc_data/kraken-top-n-plot_Unclassified.yaml",
                "multiqc/multiqc_data/llms-full.txt",
                "multiqc/multiqc_data/mosdepth-coverage-per-contig-single.yaml",
                "multiqc/multiqc_data/mosdepth-cumcoverage-dist-id.yaml",
                "multiqc/multiqc_data/mosdepth_cov_dist.yaml",
                "multiqc/multiqc_data/mosdepth_cumcov_dist.yaml",
                "multiqc/multiqc_data/mosdepth_perchrom.yaml",
                "multiqc/multiqc_data/multiqc.log",
                "multiqc/multiqc_data/multiqc.parquet",
                "multiqc/multiqc_data/multiqc_bcftools_stats.yaml",
                "multiqc/multiqc_data/multiqc_citations.yaml",
                "multiqc/multiqc_data/multiqc_data.json",
                "multiqc/multiqc_data/multiqc_fail_mapped_samples_nanopore.yaml",
                "multiqc/multiqc_data/multiqc_fail_no_barcode_samples_table.yaml",
                "multiqc/multiqc_data/multiqc_freyja.yaml",
                "multiqc/multiqc_data/multiqc_kraken.yaml",
                "multiqc/multiqc_data/multiqc_nextclade_clade.yaml",
                "multiqc/multiqc_data/multiqc_pangolin.yaml",
                "multiqc/multiqc_data/multiqc_quast.yaml",
                "multiqc/multiqc_data/multiqc_samtools_flagstat.yaml",
                "multiqc/multiqc_data/multiqc_snpeff.yaml",
                "multiqc/multiqc_data/multiqc_software_versions.yaml",
                "multiqc/multiqc_data/multiqc_sources.yaml",
                "multiqc/multiqc_data/multiqc_summary_variants_metrics_plot_table.yaml",
                "multiqc/multiqc_data/pangolin_run_table.yaml",
                "multiqc/multiqc_data/pycoqc.yaml",
                "multiqc/multiqc_data/pycoqc_count_plot_Bases.yaml",
                "multiqc/multiqc_data/pycoqc_count_plot_Reads.yaml",
                "multiqc/multiqc_data/pycoqc_read_len_plot_All_Reads.yaml",
                "multiqc/multiqc_data/pycoqc_read_len_plot_Passing_Reads.yaml",
                "multiqc/multiqc_data/pycoqc_read_qual_plot_All_Reads.yaml",
                "multiqc/multiqc_data/pycoqc_read_qual_plot_Passing_Reads.yaml",
                "multiqc/multiqc_data/pycoqc_stats_table.yaml",
                "multiqc/multiqc_data/quast_num_contigs.yaml",
                "multiqc/multiqc_data/quast_table.yaml",
                "multiqc/multiqc_data/samtools-flagstat-pct-table.yaml",
                "multiqc/multiqc_data/samtools-flagstat-table.yaml",
                "multiqc/multiqc_data/snpeff_effects.yaml",
                "multiqc/multiqc_data/snpeff_qualities.yaml",
                "multiqc/multiqc_data/snpeff_variant_effects_class.yaml",
                "multiqc/multiqc_data/snpeff_variant_effects_impact.yaml",
                "multiqc/multiqc_data/snpeff_variant_effects_region.yaml",
                "multiqc/multiqc_report.html",
                "multiqc/summary_variants_metrics_mqc.csv",
                "nanoplot",
                "nanoplot/SAMPLE_01",
                "nanoplot/SAMPLE_01/LengthvsQualityScatterPlot_dot.html",
                "nanoplot/SAMPLE_01/LengthvsQualityScatterPlot_kde.html",
                "nanoplot/SAMPLE_01/NanoPlot-report.html",
                "nanoplot/SAMPLE_01/NanoStats.txt",
                "nanoplot/SAMPLE_01/Non_weightedHistogramReadlength.html",
                "nanoplot/SAMPLE_01/Non_weightedLogTransformed_HistogramReadlength.html",
                "nanoplot/SAMPLE_01/WeightedHistogramReadlength.html",
                "nanoplot/SAMPLE_01/WeightedLogTransformed_HistogramReadlength.html",
                "nanoplot/SAMPLE_01/Yield_By_Length.html",
                "nanoplot/SAMPLE_02",
                "nanoplot/SAMPLE_02/LengthvsQualityScatterPlot_dot.html",
                "nanoplot/SAMPLE_02/LengthvsQualityScatterPlot_kde.html",
                "nanoplot/SAMPLE_02/NanoPlot-report.html",
                "nanoplot/SAMPLE_02/NanoStats.txt",
                "nanoplot/SAMPLE_02/Non_weightedHistogramReadlength.html",
                "nanoplot/SAMPLE_02/Non_weightedLogTransformed_HistogramReadlength.html",
                "nanoplot/SAMPLE_02/WeightedHistogramReadlength.html",
                "nanoplot/SAMPLE_02/WeightedLogTransformed_HistogramReadlength.html",
                "nanoplot/SAMPLE_02/Yield_By_Length.html",
                "nanoplot/SAMPLE_03",
                "nanoplot/SAMPLE_03/LengthvsQualityScatterPlot_dot.html",
                "nanoplot/SAMPLE_03/LengthvsQualityScatterPlot_kde.html",
                "nanoplot/SAMPLE_03/NanoPlot-report.html",
                "nanoplot/SAMPLE_03/NanoStats.txt",
                "nanoplot/SAMPLE_03/Non_weightedHistogramReadlength.html",
                "nanoplot/SAMPLE_03/Non_weightedLogTransformed_HistogramReadlength.html",
                "nanoplot/SAMPLE_03/WeightedHistogramReadlength.html",
                "nanoplot/SAMPLE_03/WeightedLogTransformed_HistogramReadlength.html",
                "nanoplot/SAMPLE_03/Yield_By_Length.html",
                "nanoplot/SAMPLE_04",
                "nanoplot/SAMPLE_04/LengthvsQualityScatterPlot_dot.html",
                "nanoplot/SAMPLE_04/LengthvsQualityScatterPlot_kde.html",
                "nanoplot/SAMPLE_04/NanoPlot-report.html",
                "nanoplot/SAMPLE_04/NanoStats.txt",
                "nanoplot/SAMPLE_04/Non_weightedHistogramReadlength.html",
                "nanoplot/SAMPLE_04/Non_weightedLogTransformed_HistogramReadlength.html",
                "nanoplot/SAMPLE_04/WeightedHistogramReadlength.html",
                "nanoplot/SAMPLE_04/WeightedLogTransformed_HistogramReadlength.html",
                "nanoplot/SAMPLE_04/Yield_By_Length.html",
                "nanoplot/SAMPLE_05",
                "nanoplot/SAMPLE_05/LengthvsQualityScatterPlot_dot.html",
                "nanoplot/SAMPLE_05/LengthvsQualityScatterPlot_kde.html",
                "nanoplot/SAMPLE_05/NanoPlot-report.html",
                "nanoplot/SAMPLE_05/NanoStats.txt",
                "nanoplot/SAMPLE_05/Non_weightedHistogramReadlength.html",
                "nanoplot/SAMPLE_05/Non_weightedLogTransformed_HistogramReadlength.html",
                "nanoplot/SAMPLE_05/WeightedHistogramReadlength.html",
                "nanoplot/SAMPLE_05/WeightedLogTransformed_HistogramReadlength.html",
                "nanoplot/SAMPLE_05/Yield_By_Length.html",
                "nanoplot/SAMPLE_06",
                "nanoplot/SAMPLE_06/LengthvsQualityScatterPlot_dot.html",
                "nanoplot/SAMPLE_06/LengthvsQualityScatterPlot_kde.html",
                "nanoplot/SAMPLE_06/NanoPlot-report.html",
                "nanoplot/SAMPLE_06/NanoStats.txt",
                "nanoplot/SAMPLE_06/Non_weightedHistogramReadlength.html",
                "nanoplot/SAMPLE_06/Non_weightedLogTransformed_HistogramReadlength.html",
                "nanoplot/SAMPLE_06/WeightedHistogramReadlength.html",
                "nanoplot/SAMPLE_06/WeightedLogTransformed_HistogramReadlength.html",
                "nanoplot/SAMPLE_06/Yield_By_Length.html",
                "nanoplot/SAMPLE_07",
                "nanoplot/SAMPLE_07/LengthvsQualityScatterPlot_dot.html",
                "nanoplot/SAMPLE_07/LengthvsQualityScatterPlot_kde.html",
                "nanoplot/SAMPLE_07/NanoPlot-report.html",
                "nanoplot/SAMPLE_07/NanoStats.txt",
                "nanoplot/SAMPLE_07/Non_weightedHistogramReadlength.html",
                "nanoplot/SAMPLE_07/Non_weightedLogTransformed_HistogramReadlength.html",
                "nanoplot/SAMPLE_07/WeightedHistogramReadlength.html",
                "nanoplot/SAMPLE_07/WeightedLogTransformed_HistogramReadlength.html",
                "nanoplot/SAMPLE_07/Yield_By_Length.html",
                "nanoplot/SAMPLE_08",
                "nanoplot/SAMPLE_08/LengthvsQualityScatterPlot_dot.html",
                "nanoplot/SAMPLE_08/LengthvsQualityScatterPlot_kde.html",
                "nanoplot/SAMPLE_08/NanoPlot-report.html",
                "nanoplot/SAMPLE_08/NanoStats.txt",
                "nanoplot/SAMPLE_08/Non_weightedHistogramReadlength.html",
                "nanoplot/SAMPLE_08/Non_weightedLogTransformed_HistogramReadlength.html",
                "nanoplot/SAMPLE_08/WeightedHistogramReadlength.html",
                "nanoplot/SAMPLE_08/WeightedLogTransformed_HistogramReadlength.html",
                "nanoplot/SAMPLE_08/Yield_By_Length.html",
                "nanoplot/SAMPLE_09",
                "nanoplot/SAMPLE_09/LengthvsQualityScatterPlot_dot.html",
                "nanoplot/SAMPLE_09/LengthvsQualityScatterPlot_kde.html",
                "nanoplot/SAMPLE_09/NanoPlot-report.html",
                "nanoplot/SAMPLE_09/NanoStats.txt",
                "nanoplot/SAMPLE_09/Non_weightedHistogramReadlength.html",
                "nanoplot/SAMPLE_09/Non_weightedLogTransformed_HistogramReadlength.html",
                "nanoplot/SAMPLE_09/WeightedHistogramReadlength.html",
                "nanoplot/SAMPLE_09/WeightedLogTransformed_HistogramReadlength.html",
                "nanoplot/SAMPLE_09/Yield_By_Length.html",
                "pipeline_info",
                "pipeline_info/nf_core_viralrecon_software_mqc_versions.yml",
                "pycoqc",
                "pycoqc/pycoqc.html",
                "pycoqc/pycoqc.json"
            ],
            [
                "SAMPLE_01.1.trimmed.rg.sorted.bam:md5,207a6d8f841bfb72fd7fc3b61a9fb7d3",
                "SAMPLE_01.1.trimmed.rg.sorted.bam.bai:md5,ac50ce7ca932e6ab8e73cbebad7cf040",
                "SAMPLE_01.2.trimmed.rg.sorted.bam:md5,e698300752819f9323cf5cf289e71f59",
                "SAMPLE_01.2.trimmed.rg.sorted.bam.bai:md5,dc989d3faec0279ad20635b32f83546d",
                "SAMPLE_01.consensus.fasta:md5,a763c4ebcfd90f341305ce4199968c2b",
                "SAMPLE_01.fail.vcf:md5,7d83d6b929f35d625cfb33d76b7f9ec5",
                "SAMPLE_01.merged.vcf:md5,0500771acec623b7a8c29a3cb6f32a8b",
                "SAMPLE_01.merged.vcf.gz:md5,0500771acec623b7a8c29a3cb6f32a8b",
                "SAMPLE_01.merged.vcf.gz.tbi:md5,4a0258670331a8a75c5bb19f30cdbc41",
                "SAMPLE_01.normalised.vcf.gz:md5,2aeaf4b2c77c621302a83872fc416c29",
                "SAMPLE_01.normalised.vcf.gz.tbi:md5,06f4bcaada0ef44c1ec1abb3d7fc093e",
                "SAMPLE_01.pass.unique.vcf.gz:md5,8d2d655fd591e9e968ecfcaaec845389",
                "SAMPLE_01.pass.unique.vcf.gz.tbi:md5,28a12f5ac4568f06ae1e23d1f3402867",
                "SAMPLE_01.pass.vcf.gz:md5,8d2d655fd591e9e968ecfcaaec845389",
                "SAMPLE_01.pass.vcf.gz.tbi:md5,28a12f5ac4568f06ae1e23d1f3402867",
                "SAMPLE_01.primers.vcf:md5,2f21a1723d26c48b431d61d176a32bef",
                "SAMPLE_01.primertrimmed.rg.sorted.bam:md5,af6a149f70865f52dfdb46ceb2e92574",
                "SAMPLE_01.primertrimmed.rg.sorted.bam.bai:md5,164b85a4ff914204a30dca56076ce976",
                "SAMPLE_01.sorted.bam:md5,9d42b22d101ad4602135452c226096e6",
                "SAMPLE_01.sorted.bam.bai:md5,108d259d8d4ccbb03d8ebd02def00d3a",
                "SAMPLE_01.trimmed.rg.sorted.bam:md5,a7c682ded9cc7b7506dbb804d1c9b03a",
                "SAMPLE_01.trimmed.rg.sorted.bam.bai:md5,7ecfa991223ff4fad8c859c0a188e55b",
                "SAMPLE_02.1.trimmed.rg.sorted.bam:md5,a664de5751186323b502a30699a9ac03",
                "SAMPLE_02.1.trimmed.rg.sorted.bam.bai:md5,6bb3b7669b388160e3126ee0736839a8",
                "SAMPLE_02.2.trimmed.rg.sorted.bam:md5,958516889800db21923e1841d5346573",
                "SAMPLE_02.2.trimmed.rg.sorted.bam.bai:md5,932e313b5a2d14a3a25f9768aae4fce8",
                "SAMPLE_02.consensus.fasta:md5,3fbc664c329fee4ff4bb28f0a38e49c0",
                "SAMPLE_02.fail.vcf:md5,73ffd77826a3bbd8fd465bc71f959e03",
                "SAMPLE_02.merged.vcf:md5,8ee69f6f44fc1088fb9019caab3587e5",
                "SAMPLE_02.merged.vcf.gz:md5,8ee69f6f44fc1088fb9019caab3587e5",
                "SAMPLE_02.merged.vcf.gz.tbi:md5,a663a6f86929c7fce7334f3c26c98dd7",
                "SAMPLE_02.normalised.vcf.gz:md5,06bbade836dff36fabb5a6ab39da1a0d",
                "SAMPLE_02.normalised.vcf.gz.tbi:md5,9728239e3ef7fb402290b1c86f18a42e",
                "SAMPLE_02.pass.unique.vcf.gz:md5,420ce106b3e2e5e22f31927ad01689cf",
                "SAMPLE_02.pass.unique.vcf.gz.tbi:md5,a5e605e05d340652b96905a7b770bc66",
                "SAMPLE_02.pass.vcf.gz:md5,ecc4ff6a6f1934b50365dbe38b0c1303",
                "SAMPLE_02.pass.vcf.gz.tbi:md5,2fb142b8008b43baf2dfa080d61925d6",
                "SAMPLE_02.primers.vcf:md5,7a98a07b63170130e93ae77b1385d5ce",
                "SAMPLE_02.primertrimmed.rg.sorted.bam:md5,c66e6ed907569c9f44c51cbfa76cf199",
                "SAMPLE_02.primertrimmed.rg.sorted.bam.bai:md5,c45d647dfb35978b23e6d4427e06e4af",
                "SAMPLE_02.sorted.bam:md5,67ebd2364e20e0c3cc228d63674dc954",
                "SAMPLE_02.sorted.bam.bai:md5,02982d45b66e1f01eaa61c4641a7dda3",
                "SAMPLE_02.trimmed.rg.sorted.bam:md5,cdcc56e5c2f8f93a0b8a0f70ee658503",
                "SAMPLE_02.trimmed.rg.sorted.bam.bai:md5,61d20e31599fff71703f26f93e19daba",
                "SAMPLE_03.1.trimmed.rg.sorted.bam:md5,3dd40bde1c3afddf098903c49344eb7a",
                "SAMPLE_03.1.trimmed.rg.sorted.bam.bai:md5,b22205c52f4ca21e079e77904ce74381",
                "SAMPLE_03.2.trimmed.rg.sorted.bam:md5,23411231adad53dcaf0ca8adad1fdc4a",
                "SAMPLE_03.2.trimmed.rg.sorted.bam.bai:md5,a2b383bc02115edadbfeaf5b056b2957",
                "SAMPLE_03.consensus.fasta:md5,0faeb55813e28b957f889b202c2effe3",
                "SAMPLE_03.fail.vcf:md5,894316ba71d535c7ec5ea49437ca53bf",
                "SAMPLE_03.merged.vcf:md5,b0d198114012e753f2fdb3a9cdaea4d6",
                "SAMPLE_03.merged.vcf.gz:md5,b0d198114012e753f2fdb3a9cdaea4d6",
                "SAMPLE_03.merged.vcf.gz.tbi:md5,db754693bb045b149ef2b585a0b39595",
                "SAMPLE_03.normalised.vcf.gz:md5,9ea49dd3430e10a81d7dba7c4abb4ca1",
                "SAMPLE_03.normalised.vcf.gz.tbi:md5,b2c598c008d3cf837f2aa1fd306bd874",
                "SAMPLE_03.pass.unique.vcf.gz:md5,14ee5dba234842f8be98474a6f9b2574",
                "SAMPLE_03.pass.unique.vcf.gz.tbi:md5,a59d29179e0855c18ce23b179b6171b7",
                "SAMPLE_03.pass.vcf.gz:md5,3f70b062cab02557d9a9dcd51fb6fdb2",
                "SAMPLE_03.pass.vcf.gz.tbi:md5,ff898af82865ea78a1241b0618de6f90",
                "SAMPLE_03.primers.vcf:md5,15df3ee6f1594fd90a0edce45fde97c5",
                "SAMPLE_03.primertrimmed.rg.sorted.bam:md5,6e15229eeb30a36ec37b756a7787f6d5",
                "SAMPLE_03.primertrimmed.rg.sorted.bam.bai:md5,eb9f9ffaba5abfd7b6326e7a0a5fe48d",
                "SAMPLE_03.sorted.bam:md5,2398ab6ed2f703ed73b635bfe4f73985",
                "SAMPLE_03.sorted.bam.bai:md5,3a1b5798a31e78f82bb9f96374d75f3c",
                "SAMPLE_03.trimmed.rg.sorted.bam:md5,00a05358bce78edfdf70845095531c7f",
                "SAMPLE_03.trimmed.rg.sorted.bam.bai:md5,36cfdf329a4d259780a884c088fc40ef",
                "SAMPLE_04.1.trimmed.rg.sorted.bam:md5,935ef3db54d340f5b763816b74d175ec",
                "SAMPLE_04.1.trimmed.rg.sorted.bam.bai:md5,ea60fd5a466fe9bc9201a2132b091471",
                "SAMPLE_04.2.trimmed.rg.sorted.bam:md5,9d4438d005134286279aafa96d1bf6d2",
                "SAMPLE_04.2.trimmed.rg.sorted.bam.bai:md5,0e4c27e7a5a2e49254b5be00d7e2042c",
                "SAMPLE_04.consensus.fasta:md5,59a8f1ba727a3450dfd66848451b72e9",
                "SAMPLE_04.fail.vcf:md5,721989c2149ae5d4760085b7aee9a30a",
                "SAMPLE_04.merged.vcf:md5,a242187c43f8ad58931384fac4ce020e",
                "SAMPLE_04.merged.vcf.gz:md5,a242187c43f8ad58931384fac4ce020e",
                "SAMPLE_04.merged.vcf.gz.tbi:md5,973bdbadc4e3c10dd6664e6c52f422f8",
                "SAMPLE_04.normalised.vcf.gz:md5,5cf77e51e426bd7f4116e998ee4c9f15",
                "SAMPLE_04.normalised.vcf.gz.tbi:md5,3a13bd2a17311a8d990e6941540e180d",
                "SAMPLE_04.pass.unique.vcf.gz:md5,22eb04812ce9a0314a15fb6f66f35bfd",
                "SAMPLE_04.pass.unique.vcf.gz.tbi:md5,f3b87ec0dd03c6c5a67b918878b36e23",
                "SAMPLE_04.pass.vcf.gz:md5,be6963d6d405da681fa15eccfab480ab",
                "SAMPLE_04.pass.vcf.gz.tbi:md5,1abdb02ab3f9c5327c6310b872dd3930",
                "SAMPLE_04.primers.vcf:md5,0c10f732a71366fe756c13b70d1307d0",
                "SAMPLE_04.primertrimmed.rg.sorted.bam:md5,3192e2b8a5407f24405feecde17b5c32",
                "SAMPLE_04.primertrimmed.rg.sorted.bam.bai:md5,a57fad507ecc0ff8f949454c7b8619ee",
                "SAMPLE_04.sorted.bam:md5,c838f33edfe474fb65d30eef7c296d53",
                "SAMPLE_04.sorted.bam.bai:md5,4d743290f5d22580292bb6714eba795a",
                "SAMPLE_04.trimmed.rg.sorted.bam:md5,3dc1f0b3d1e80bab8ea3432bc07eca0e",
                "SAMPLE_04.trimmed.rg.sorted.bam.bai:md5,37807014e063a2a45cf6d6b0b8d06d61",
                "SAMPLE_05.1.trimmed.rg.sorted.bam:md5,03bfed6123612134063c3b6c8f141e07",
                "SAMPLE_05.1.trimmed.rg.sorted.bam.bai:md5,4b8ac945cc25024f09adbf7482b790fa",
                "SAMPLE_05.2.trimmed.rg.sorted.bam:md5,dc428a1afdb1a23020ad8e7d36f52a6b",
                "SAMPLE_05.2.trimmed.rg.sorted.bam.bai:md5,a33b50d1256793755ef23b70883442b8",
                "SAMPLE_05.consensus.fasta:md5,1c04409caad11e9027ff8969efe2d7f5",
                "SAMPLE_05.fail.vcf:md5,b5d5ac80e6c0a413e795c7a4762c8d88",
                "SAMPLE_05.merged.vcf:md5,213c613fb4510b1d29eab6b4cb4c96af",
                "SAMPLE_05.merged.vcf.gz:md5,213c613fb4510b1d29eab6b4cb4c96af",
                "SAMPLE_05.merged.vcf.gz.tbi:md5,9b5779a29bf7ebb3b421b146caa1ac39",
                "SAMPLE_05.normalised.vcf.gz:md5,b8c2932dea56274135e1538cfc9f2026",
                "SAMPLE_05.normalised.vcf.gz.tbi:md5,0cdc0e7e7c87a50d435975ac33b8e1d4",
                "SAMPLE_05.pass.unique.vcf.gz:md5,1c3c1c0567e1d2189dde14ab11c42909",
                "SAMPLE_05.pass.unique.vcf.gz.tbi:md5,58fd03d6c4152d9f83a0c38fdb34d2cd",
                "SAMPLE_05.pass.vcf.gz:md5,d3530923e39022638cb911031fc5ce8e",
                "SAMPLE_05.pass.vcf.gz.tbi:md5,86d3b69bced3b33e3560fdf3002e0e87",
                "SAMPLE_05.primers.vcf:md5,55c198b11e03b8bc9157317e0bc1669a",
                "SAMPLE_05.primertrimmed.rg.sorted.bam:md5,891843528ba3f97e94817b08d9fd1e9e",
                "SAMPLE_05.primertrimmed.rg.sorted.bam.bai:md5,7f22987b7e1ff3ca269fca1a8e8c385e",
                "SAMPLE_05.sorted.bam:md5,9c9b72350e476edbba0865e9a262a45d",
                "SAMPLE_05.sorted.bam.bai:md5,a88ca91d1b7aaad79140e07c8fb4fd8b",
                "SAMPLE_05.trimmed.rg.sorted.bam:md5,e0b70abf6789c011af67d1dbe4202909",
                "SAMPLE_05.trimmed.rg.sorted.bam.bai:md5,38bdf09e671f8fe79e6eb0b18012b079",
                "SAMPLE_06.1.trimmed.rg.sorted.bam:md5,0c712e2bd573b77c72a479e76c37d7f0",
                "SAMPLE_06.1.trimmed.rg.sorted.bam.bai:md5,74a130ce45de631142a57fa9a0549319",
                "SAMPLE_06.2.trimmed.rg.sorted.bam:md5,9da391ca877d3903d3640ba0b91b7b1e",
                "SAMPLE_06.2.trimmed.rg.sorted.bam.bai:md5,3f8f7e7bec566cf69c5349ebd5153e90",
                "SAMPLE_06.consensus.fasta:md5,2759a6fff672149f0f576f0894e9633a",
                "SAMPLE_06.fail.vcf:md5,b6f83730d8accd112655d369a3583b3a",
                "SAMPLE_06.merged.vcf:md5,38094779fe408c1de2d04685ac5060ec",
                "SAMPLE_06.merged.vcf.gz:md5,38094779fe408c1de2d04685ac5060ec",
                "SAMPLE_06.merged.vcf.gz.tbi:md5,74b94f18ad83a5b58e50e9f17ccfa1e3",
                "SAMPLE_06.normalised.vcf.gz:md5,4421b7628b7034bb1a8bc1ce37cfdd68",
                "SAMPLE_06.normalised.vcf.gz.tbi:md5,b3a023cb84309ad8b9ba13b58a4b1a3f",
                "SAMPLE_06.pass.unique.vcf.gz:md5,fc84d71d897310058620863d9c24263f",
                "SAMPLE_06.pass.unique.vcf.gz.tbi:md5,e5bea15d9aec7694363278a4a65a358c",
                "SAMPLE_06.pass.vcf.gz:md5,004d9d8563a713786819eefd4d91bca7",
                "SAMPLE_06.pass.vcf.gz.tbi:md5,847552dc76e105055be54097dc798480",
                "SAMPLE_06.primers.vcf:md5,9acf2b96f1d4beb874a8b7e69df05abf",
                "SAMPLE_06.primertrimmed.rg.sorted.bam:md5,1a51443396aa28bfd76a9efba5f6d299",
                "SAMPLE_06.primertrimmed.rg.sorted.bam.bai:md5,1ec06b69ecf0d1c1e2447ffad34aa6d8",
                "SAMPLE_06.sorted.bam:md5,a24e20d656eb9da84443a3e503fa0d4c",
                "SAMPLE_06.sorted.bam.bai:md5,0e110a6abb54488287323a100c7d9ab9",
                "SAMPLE_06.trimmed.rg.sorted.bam:md5,32e34e2f4681a22d7076c323bd32c6f3",
                "SAMPLE_06.trimmed.rg.sorted.bam.bai:md5,e9b49f85978ed3f6131d7ce1440ee715",
                "SAMPLE_07.1.trimmed.rg.sorted.bam:md5,5b448a82379b8e63430d96b2bfa91414",
                "SAMPLE_07.1.trimmed.rg.sorted.bam.bai:md5,8abed3174defacad64db4013d23ec96a",
                "SAMPLE_07.2.trimmed.rg.sorted.bam:md5,10e5b95ce58e826e1bb72d9c45bc662f",
                "SAMPLE_07.2.trimmed.rg.sorted.bam.bai:md5,ca604533674636b3ea31cf009a143c59",
                "SAMPLE_07.consensus.fasta:md5,00be4cab2cf6f55d5270c7201f827717",
                "SAMPLE_07.fail.vcf:md5,677b2badb49596d096f4ff6dce0b605a",
                "SAMPLE_07.merged.vcf:md5,826f028b8a99b3ecf5d63705ad21a6ea",
                "SAMPLE_07.merged.vcf.gz:md5,826f028b8a99b3ecf5d63705ad21a6ea",
                "SAMPLE_07.merged.vcf.gz.tbi:md5,bc6460e7fa153abfb75cbd023573285c",
                "SAMPLE_07.normalised.vcf.gz:md5,16ec7331848877a155b05b3a952a67ca",
                "SAMPLE_07.normalised.vcf.gz.tbi:md5,fa5f6147ff783d6a01dd0ca6db1abcde",
                "SAMPLE_07.pass.unique.vcf.gz:md5,d55bcc09bc98cac806ea6bba5680fe39",
                "SAMPLE_07.pass.unique.vcf.gz.tbi:md5,bf99420447172d1b25a2f18347d3224d",
                "SAMPLE_07.pass.vcf.gz:md5,0bc22efcb67412f1197b324da8b4ef28",
                "SAMPLE_07.pass.vcf.gz.tbi:md5,af11eae63aaa3de6b345212d7dd3fee4",
                "SAMPLE_07.primers.vcf:md5,78d81b466a1a5e5315a298f93701c576",
                "SAMPLE_07.primertrimmed.rg.sorted.bam:md5,f949d8dfe1f8f5e83f9b972b03cf4058",
                "SAMPLE_07.primertrimmed.rg.sorted.bam.bai:md5,c738a254dd5c8faa0bbb46424052febb",
                "SAMPLE_07.sorted.bam:md5,62ae7822deb906002c430ade43eb2dae",
                "SAMPLE_07.sorted.bam.bai:md5,6b3f068b3a552a29de5d78ca04bd2594",
                "SAMPLE_07.trimmed.rg.sorted.bam:md5,d3ed1e8754a4c52fd2e47d9cf74725dd",
                "SAMPLE_07.trimmed.rg.sorted.bam.bai:md5,8bf8ee316c853545db3f7237424c0500",
                "SAMPLE_08.1.trimmed.rg.sorted.bam:md5,a7fed96aa6ae77b20d865e632e193cdc",
                "SAMPLE_08.1.trimmed.rg.sorted.bam.bai:md5,1ef3b3c4f406fba9ceee26ca307a47d1",
                "SAMPLE_08.2.trimmed.rg.sorted.bam:md5,8750a79b4a1c354b7a7ae1fded61e7f5",
                "SAMPLE_08.2.trimmed.rg.sorted.bam.bai:md5,c91732f0dfdddd1d255e6d12d314173e",
                "SAMPLE_08.consensus.fasta:md5,ec91272e24a5d13ba1febb6f23bc9bf8",
                "SAMPLE_08.fail.vcf:md5,9c834ab2ffd2912a8b80fc88a722068a",
                "SAMPLE_08.merged.vcf:md5,9c834ab2ffd2912a8b80fc88a722068a",
                "SAMPLE_08.merged.vcf.gz:md5,9c834ab2ffd2912a8b80fc88a722068a",
                "SAMPLE_08.merged.vcf.gz.tbi:md5,d698b9237afe39425413dd3b4ca7154e",
                "SAMPLE_08.normalised.vcf.gz:md5,c1716c6068ab0503a2ee35e2d6d9e081",
                "SAMPLE_08.normalised.vcf.gz.tbi:md5,4cb176febbc8c26d717a6c6e67b9c905",
                "SAMPLE_08.pass.unique.vcf.gz:md5,7eb977f6f48638bed29991fe8c3e0c20",
                "SAMPLE_08.pass.unique.vcf.gz.tbi:md5,4cb176febbc8c26d717a6c6e67b9c905",
                "SAMPLE_08.pass.vcf.gz:md5,7eb977f6f48638bed29991fe8c3e0c20",
                "SAMPLE_08.pass.vcf.gz.tbi:md5,4cb176febbc8c26d717a6c6e67b9c905",
                "SAMPLE_08.primers.vcf:md5,7eb977f6f48638bed29991fe8c3e0c20",
                "SAMPLE_08.primertrimmed.rg.sorted.bam:md5,a97b887ca46a119b743815cdb70a126c",
                "SAMPLE_08.primertrimmed.rg.sorted.bam.bai:md5,c033a3ee188e1d93e614a53c17752f8b",
                "SAMPLE_08.sorted.bam:md5,b04347dd55070554efec4fb38bb3c4d8",
                "SAMPLE_08.sorted.bam.bai:md5,22624620341a81a74dab40bd0167d0c3",
                "SAMPLE_08.trimmed.rg.sorted.bam:md5,a9bcf8a5788e1341cf3ff3818f44df5e",
                "SAMPLE_08.trimmed.rg.sorted.bam.bai:md5,b778b3da3bf5171722a81b2309b83973",
                "SAMPLE_09.1.trimmed.rg.sorted.bam:md5,c1846692affe977166ef3e06e06d43f7",
                "SAMPLE_09.1.trimmed.rg.sorted.bam.bai:md5,99f74d4efc6400e6c03af24ba4ccc521",
                "SAMPLE_09.2.trimmed.rg.sorted.bam:md5,f54eddb3800ef9590dcd173c32e29c73",
                "SAMPLE_09.2.trimmed.rg.sorted.bam.bai:md5,7f2cfae55a08ffb336dcc58d40ba68da",
                "SAMPLE_09.consensus.fasta:md5,6da67a8f9f4661047cb0e54a573df0a8",
                "SAMPLE_09.fail.vcf:md5,49c9f52c9ee0f1c20e98bd9eccd32165",
                "SAMPLE_09.merged.vcf:md5,11f83043eafe73cd2cc572695b9bd028",
                "SAMPLE_09.merged.vcf.gz:md5,11f83043eafe73cd2cc572695b9bd028",
                "SAMPLE_09.merged.vcf.gz.tbi:md5,13fd1c49b0043b0e9efa1cf83278203b",
                "SAMPLE_09.normalised.vcf.gz:md5,9ff25d5354b9f0325142dabd07ce1412",
                "SAMPLE_09.normalised.vcf.gz.tbi:md5,d2959bccbc066af7f1df40a8e58316a3",
                "SAMPLE_09.pass.unique.vcf.gz:md5,7527924bb9c05bf4e0cb624a55f5e892",
                "SAMPLE_09.pass.unique.vcf.gz.tbi:md5,eaaf695745ac2837b8ba431749838d9a",
                "SAMPLE_09.pass.vcf.gz:md5,50c8fa79c22e63891368447795bfa82a",
                "SAMPLE_09.pass.vcf.gz.tbi:md5,0f0d739120fcce38db995d43aef508fb",
                "SAMPLE_09.primers.vcf:md5,154425470c21f4f1ff6b07b5cc5c997f",
                "SAMPLE_09.primertrimmed.rg.sorted.bam:md5,88dfa1be025c5fde0724cbf02a620f6a",
                "SAMPLE_09.primertrimmed.rg.sorted.bam.bai:md5,8ede72e94333860798dc66a33cfe205d",
                "SAMPLE_09.sorted.bam:md5,2b3343ddc95cd91131bf90a7bcbbcbe7",
                "SAMPLE_09.sorted.bam.bai:md5,0a0cc60342d9c98b5b6bff4dd706459e",
                "SAMPLE_09.trimmed.rg.sorted.bam:md5,70325306efd445313956e14533a421de",
                "SAMPLE_09.trimmed.rg.sorted.bam.bai:md5,b9da0c7827e3ee23f0a292e59819e3f1",
                "SAMPLE_01.mapped.sorted.bam:md5,619a0267cb5fa7ec2431471000de683e",
                "SAMPLE_01.mapped.sorted.bam.bai:md5,94ef91d3cf419acf25d6d716d62f131a",
                "SAMPLE_02.mapped.sorted.bam:md5,da68d45d90abd7550ffcbfd8d67527f9",
                "SAMPLE_02.mapped.sorted.bam.bai:md5,1029bfb9c084290a7aa5b7570a372bd4",
                "SAMPLE_03.mapped.sorted.bam:md5,e6691eec6199e3cdd3dc33146e2de527",
                "SAMPLE_03.mapped.sorted.bam.bai:md5,5db40c8b6952498de2af34fb64b14802",
                "SAMPLE_04.mapped.sorted.bam:md5,e649d3e8bc7c1c75d9078e8412b5ad0c",
                "SAMPLE_04.mapped.sorted.bam.bai:md5,d28648e38a27826074613404fc8c8a28",
                "SAMPLE_05.mapped.sorted.bam:md5,99ca0faf580ecca97fbd8c4eac6eec9c",
                "SAMPLE_05.mapped.sorted.bam.bai:md5,89a4bd0c56a9f7108749fc452997af13",
                "SAMPLE_06.mapped.sorted.bam:md5,a27cff735296e31804e959cc695eb790",
                "SAMPLE_06.mapped.sorted.bam.bai:md5,33b7000122dac628acdca3e3f0b82e91",
                "SAMPLE_07.mapped.sorted.bam:md5,d6cba158a916557a88f2d52d2b48c933",
                "SAMPLE_07.mapped.sorted.bam.bai:md5,2379809a703d16f394b495375326a26e",
                "SAMPLE_08.mapped.sorted.bam:md5,bf6f83f9a3df63acf89cc92faccda4ee",
                "SAMPLE_08.mapped.sorted.bam.bai:md5,541871142dea57841e007093963d1d0f",
                "SAMPLE_09.mapped.sorted.bam:md5,d4ea3f267d9911e8d07fd4defc2bff97",
                "SAMPLE_09.mapped.sorted.bam.bai:md5,24f9bd38db0c693c59596f99b2863495",
                "SAMPLE_01.bcftools_stats.txt:md5,57e1d279eb266d75755fb3f282d02886",
                "SAMPLE_02.bcftools_stats.txt:md5,f1e08fb0bed8e26003552ba4d30e907d",
                "SAMPLE_03.bcftools_stats.txt:md5,c8a6264ff5d32e20ff08e89a30f538ae",
                "SAMPLE_04.bcftools_stats.txt:md5,f3ec2bef9769149b001d0a96ef63de98",
                "SAMPLE_05.bcftools_stats.txt:md5,445850d731a914c25a921ef7f8528a7a",
                "SAMPLE_06.bcftools_stats.txt:md5,7526934a93a668bbea827de1facb1563",
                "SAMPLE_07.bcftools_stats.txt:md5,3864e3d2a15ecf9beb3b5a1fc4717264",
                "SAMPLE_08.bcftools_stats.txt:md5,ffd61dab36a7bd9d9d09d007bdaa75ef",
                "SAMPLE_09.bcftools_stats.txt:md5,0de7235b9b84eed15c3303b7c2cbd2a2",
                "SAMPLE_01.mosdepth.coverage.tsv:md5,8adf5f707a8b3417458e13a483abfbd5",
                "SAMPLE_01.mosdepth.summary.txt:md5,bbfcfcf1d4386b9ed340647e16347456",
                "SAMPLE_02.mosdepth.coverage.tsv:md5,d78298dd5bc6095af55c9da2a08a22af",
                "SAMPLE_02.mosdepth.summary.txt:md5,8ca8e238db747a10f5625a8ff04a50c6",
                "SAMPLE_03.mosdepth.coverage.tsv:md5,5cf590a3b47f60c6a41fdf430af967d4",
                "SAMPLE_03.mosdepth.summary.txt:md5,59fac7fd973e356e9e32c139ade78cae",
                "SAMPLE_04.mosdepth.coverage.tsv:md5,e06190da6a6485c93dfcf7e6892fa886",
                "SAMPLE_04.mosdepth.summary.txt:md5,467dbe30b63c1237dc3930744d929a0a",
                "SAMPLE_05.mosdepth.coverage.tsv:md5,0d02fa3480c1968c1311d3fcacfe3682",
                "SAMPLE_05.mosdepth.summary.txt:md5,7a22b25172ff28e394abcd1c1f8aac28",
                "SAMPLE_06.mosdepth.coverage.tsv:md5,2864e48104b7cd28c1e281e658321dcd",
                "SAMPLE_06.mosdepth.summary.txt:md5,033297595e87100d8f40c51461af7192",
                "SAMPLE_07.mosdepth.coverage.tsv:md5,6f67cd18ea9d79cae65c8fd4bdad56e1",
                "SAMPLE_07.mosdepth.summary.txt:md5,747cd2628648914a0065598093a7d582",
                "SAMPLE_09.mosdepth.coverage.tsv:md5,594c59b3449e0b309429b8f891fef057",
                "SAMPLE_09.mosdepth.summary.txt:md5,b2372af34a1a2d4ed9960d4efdc02c05",
                "all_samples.mosdepth.heatmap.tsv:md5,971deded8cfc3ad26cb1932cf0b10595",
                "SAMPLE_01.mosdepth.coverage.tsv:md5,b61ae3671a62222a7fa23024a7327e1e",
                "SAMPLE_01.mosdepth.summary.txt:md5,90e919ce5c0f39003f9133556070d5af",
                "SAMPLE_02.mosdepth.coverage.tsv:md5,ac5f522a9f9765956dfb4ddcda186948",
                "SAMPLE_02.mosdepth.summary.txt:md5,e40b75d815f254033a18c75be03df909",
                "SAMPLE_03.mosdepth.coverage.tsv:md5,d7ca5ec503e0100da0c2c1bd6b0d017b",
                "SAMPLE_03.mosdepth.summary.txt:md5,cc1ed7e4aa19312b87aebf9b536d25d7",
                "SAMPLE_04.mosdepth.coverage.tsv:md5,04883172b5328c4dfa6144608c0acb5b",
                "SAMPLE_04.mosdepth.summary.txt:md5,662d7d7633e3fcb61f606757df75abf4",
                "SAMPLE_05.mosdepth.coverage.tsv:md5,d16771ecd82186c2148235ad79931d59",
                "SAMPLE_05.mosdepth.summary.txt:md5,aa59515f35c0c9a890f192c5e982b3a0",
                "SAMPLE_06.mosdepth.coverage.tsv:md5,70270892f3e40500dc21c35b7cc7a899",
                "SAMPLE_06.mosdepth.summary.txt:md5,f27bd25be2ac1cc684d7897d4acb5526",
                "SAMPLE_07.mosdepth.coverage.tsv:md5,91dba99980fb3d2bf7ec6b1fa80eb191",
                "SAMPLE_07.mosdepth.summary.txt:md5,dfb498bc7327bf9dc5b94ac70a16d47a",
                "SAMPLE_09.mosdepth.coverage.tsv:md5,d8e643e89d2e003a00a3f53af5d76023",
                "SAMPLE_09.mosdepth.summary.txt:md5,177ddb8adf81d4eec964bfd831ca3a2d",
                "SAMPLE_01.csv:md5,0e55b88f7312318024f43e8f2cc2c69b",
                "SAMPLE_02.csv:md5,bf4b99811a66d2ab5809c8ec4387dad1",
                "SAMPLE_03.csv:md5,7bdc4264a0289c5dc61308f96b44db56",
                "SAMPLE_04.csv:md5,58c1d6823a36e7e5ebe39fcb53d4681f",
                "SAMPLE_05.csv:md5,566c2bbcae368ac7be8e821b0e06801b",
                "SAMPLE_06.csv:md5,0e4b83f472488c341890221060024b53",
                "SAMPLE_07.csv:md5,46a45a2d5fce59f94c9064a659932bbe",
                "SAMPLE_08.csv:md5,00263beceec0427446af01d60c41c93a",
                "SAMPLE_09.csv:md5,443c0f85ae2c00e6bc7fa859cbd65152",
                "SAMPLE_01.pangolin.csv:md5,5ada4da003184d59abbe55653eb17ce1",
                "SAMPLE_02.pangolin.csv:md5,c43974c3767caf942753c14653b4575a",
                "SAMPLE_03.pangolin.csv:md5,a8745198fb3ec39e1143cb2f9d92d318",
                "SAMPLE_04.pangolin.csv:md5,e545d6c288fbb09a00c4a1696e5892f1",
                "SAMPLE_05.pangolin.csv:md5,113ca5475e665f7604f438f51a08bb79",
                "SAMPLE_06.pangolin.csv:md5,37f179b2350c66517917b67f583754f3",
                "SAMPLE_07.pangolin.csv:md5,a5efd6c572ed6ba3f1b77a8bf3150d13",
                "SAMPLE_08.pangolin.csv:md5,d99f6cc41dc281e8dd3bd54d9dc6937e",
                "SAMPLE_09.pangolin.csv:md5,7d98e454d94fd72e5acc52bf17ebb212",
                "gc.icarus.txt:md5,f18a506ebd4e3630c7bb4cef61d30f21",
                "SAMPLE_01.mapped.sorted.bam.flagstat:md5,a6bfa84c7c9ea19be091b74ed69c8a95",
                "SAMPLE_01.mapped.sorted.bam.idxstats:md5,972ff55b17b09b9163b7aeac88855db3",
                "SAMPLE_01.mapped.sorted.bam.stats:md5,cfaf3dcc2c7a98d8e506cf1bbf9ff6a4",
                "SAMPLE_02.mapped.sorted.bam.flagstat:md5,a416620ad06e65ce7303dd7518bb7ca2",
                "SAMPLE_02.mapped.sorted.bam.idxstats:md5,89a3ed075e642a9eb23684596476dfe1",
                "SAMPLE_02.mapped.sorted.bam.stats:md5,377eae95398f8f57c3b68e707f98f656",
                "SAMPLE_03.mapped.sorted.bam.flagstat:md5,b0fe24c1fbe6ee9f9fb017c14925d049",
                "SAMPLE_03.mapped.sorted.bam.idxstats:md5,014bc856f2aee37c4c89926a3095d84f",
                "SAMPLE_03.mapped.sorted.bam.stats:md5,f4790e8bd655055bbbda290020e0b6be",
                "SAMPLE_04.mapped.sorted.bam.flagstat:md5,e58082c5f5152a65a5bdcaa470652c84",
                "SAMPLE_04.mapped.sorted.bam.idxstats:md5,41fc83efb6ab6d2ea379ad593ebe1781",
                "SAMPLE_04.mapped.sorted.bam.stats:md5,b8413d7186c1be3d74e92168ee6fc497",
                "SAMPLE_05.mapped.sorted.bam.flagstat:md5,a1a0cecc86061a612049eb87231bca18",
                "SAMPLE_05.mapped.sorted.bam.idxstats:md5,fed9206d69bdb3d4c9a5424c2d83e644",
                "SAMPLE_05.mapped.sorted.bam.stats:md5,c1f2e5f881ac8cea72f51127cbd6c098",
                "SAMPLE_06.mapped.sorted.bam.flagstat:md5,292da3fe349f7e350ac1785c6f670a43",
                "SAMPLE_06.mapped.sorted.bam.idxstats:md5,1ea438c23864bc58e2e03a2e3b88c95b",
                "SAMPLE_06.mapped.sorted.bam.stats:md5,3d7dcec13e492c9ad5804a556b6dddec",
                "SAMPLE_07.mapped.sorted.bam.flagstat:md5,04e00ee733b0a7885d42e0500d23bbbe",
                "SAMPLE_07.mapped.sorted.bam.idxstats:md5,a635c4ec43f9c0ac435600108d625bb1",
                "SAMPLE_07.mapped.sorted.bam.stats:md5,3e7c2d2d6c2642ec5aa1038589aab0ed",
                "SAMPLE_08.mapped.sorted.bam.flagstat:md5,5d87298cb8fff4728bfde756a69767a5",
                "SAMPLE_08.mapped.sorted.bam.idxstats:md5,db9d767c373ff72fca14a3e71bd0141d",
                "SAMPLE_08.mapped.sorted.bam.stats:md5,8ec85979d8e550b7252658336921431d",
                "SAMPLE_09.mapped.sorted.bam.flagstat:md5,4fda7e3abda43fe36695a922289e1eb5",
                "SAMPLE_09.mapped.sorted.bam.idxstats:md5,3145636954916125cba9cf35add9d033",
                "SAMPLE_09.mapped.sorted.bam.stats:md5,1e596f7f6af10258ce3094ac2cc5f969",
                "SAMPLE_01.snpeff.vcf.gz:md5,4d05c2b544acc0e1804ef4d0aea15de3",
                "SAMPLE_01.snpeff.vcf.gz.tbi:md5,709831be79e6bbe0adac5cc79f8a4717",
                "SAMPLE_01.snpsift.txt:md5,3d2417d61790353266977efa4161cbf6",
                "SAMPLE_02.snpeff.vcf.gz:md5,ce251838639d5dc3b4dda5ae339ebba5",
                "SAMPLE_02.snpeff.vcf.gz.tbi:md5,9653ee26f603985b86c6f6918f6d36c8",
                "SAMPLE_02.snpsift.txt:md5,d9e78f772cd557972691db8c2ea3a51f",
                "SAMPLE_03.snpeff.vcf.gz:md5,2d4a44f29f368b4fbafd8a10d2481633",
                "SAMPLE_03.snpeff.vcf.gz.tbi:md5,40cbd54d12a48344e873186bd8bd4c3d",
                "SAMPLE_03.snpsift.txt:md5,0f001355ec58ed1f59c882d3bc432af7",
                "SAMPLE_04.snpeff.vcf.gz:md5,93bab85845e680c906739675ae5450af",
                "SAMPLE_04.snpeff.vcf.gz.tbi:md5,dd9c9326346e5fd048a9d280eca9964a",
                "SAMPLE_04.snpsift.txt:md5,5a7b859edf2ea32c422fd66cd1167ddf",
                "SAMPLE_05.snpeff.vcf.gz:md5,050fd1194faff7095fd0b95579a0ba53",
                "SAMPLE_05.snpeff.vcf.gz.tbi:md5,6212d71d34122235a668d34674492ac5",
                "SAMPLE_05.snpsift.txt:md5,269aa0f24fb31e05a8f655e6fbe70b9e",
                "SAMPLE_06.snpeff.vcf.gz:md5,4b9e5a49728a19e2d7464cddbf861284",
                "SAMPLE_06.snpeff.vcf.gz.tbi:md5,41dd1d6565b9f45fe454b3ef57e8c07e",
                "SAMPLE_06.snpsift.txt:md5,0b6b9e90f2d8ddf64a4ca141c2c60ff3",
                "SAMPLE_07.snpeff.vcf.gz:md5,dc7eaa43f878c3a76479e124fc259d4d",
                "SAMPLE_07.snpeff.vcf.gz.tbi:md5,c70bb0579ebf2654a366b5fb733341d2",
                "SAMPLE_07.snpsift.txt:md5,30fd72c23ea2a3e353dc9d7a6e24c724",
                "SAMPLE_08.snpeff.vcf.gz:md5,7eb977f6f48638bed29991fe8c3e0c20",
                "SAMPLE_08.snpeff.vcf.gz.tbi:md5,4cb176febbc8c26d717a6c6e67b9c905",
                "SAMPLE_08.snpsift.txt:md5,67b7273d3896de8b8bf704944c5a4cf1",
                "SAMPLE_09.snpeff.vcf.gz:md5,57303b5470b7ce373d203489b35d82e6",
                "SAMPLE_09.snpeff.vcf.gz.tbi:md5,6fc2bb4b0e303ea12fc3ed84758c4eea",
                "SAMPLE_09.snpsift.txt:md5,137b6ce4716989dcc218be5e2bed8748",
                "SAMPLE_01.snpeff.bcftools_stats.txt:md5,d8959bed78426770015176962fb17908",
                "SAMPLE_02.snpeff.bcftools_stats.txt:md5,6d6ee35313c14503eba4aceedc822c2f",
                "SAMPLE_03.snpeff.bcftools_stats.txt:md5,1488066ae8857110b542cae94cba97ac",
                "SAMPLE_04.snpeff.bcftools_stats.txt:md5,db4120761ad11e278f507ee8a5df7dd2",
                "SAMPLE_05.snpeff.bcftools_stats.txt:md5,99446c5f241f4f12df8355c1b41c5577",
                "SAMPLE_06.snpeff.bcftools_stats.txt:md5,31ecde91acfe965aee9cef16221f88ab",
                "SAMPLE_07.snpeff.bcftools_stats.txt:md5,40ff1b46b2c82fbe1281a3a6625418d5",
                "SAMPLE_08.snpeff.bcftools_stats.txt:md5,3e9e6b5fc64ae8681aa59dab72df1ea9",
                "SAMPLE_09.snpeff.bcftools_stats.txt:md5,c3cdca9eaed7313cb54ec52a88850b48",
                "variants_long_table.csv:md5,4997ab436871cd0e9dbef31a787111e4",
                "SAMPLE_01.classified.fastq.gz:md5,d41d8cd98f00b204e9800998ecf8427e",
                "SAMPLE_01.kraken2.report.txt:md5,ec1112bfa4599c30c8cfc1e2e711f002",
                "SAMPLE_02.classified.fastq.gz:md5,d41d8cd98f00b204e9800998ecf8427e",
                "SAMPLE_02.kraken2.report.txt:md5,be7d05f90dd391075a63eb9ce3edfe7b",
                "SAMPLE_03.classified.fastq.gz:md5,adc593ee15ff7337bdca4b562568cc3c",
                "SAMPLE_03.kraken2.report.txt:md5,7c475f9a4564d0b988c30843c78b430f",
                "SAMPLE_04.classified.fastq.gz:md5,466cb954b4277aace0451fbc4390fcc4",
                "SAMPLE_04.kraken2.report.txt:md5,9ecf95124d03be78163d97dcb635b86a",
                "SAMPLE_05.classified.fastq.gz:md5,d41d8cd98f00b204e9800998ecf8427e",
                "SAMPLE_05.kraken2.report.txt:md5,0ccb07f581b03cac7234557c33a155bc",
                "SAMPLE_06.classified.fastq.gz:md5,d41d8cd98f00b204e9800998ecf8427e",
                "SAMPLE_06.kraken2.report.txt:md5,d5af1cddf28dc10dfc4618f270408bbf",
                "SAMPLE_07.classified.fastq.gz:md5,ce523d8e79571fcd50be1af7493ac2ee",
                "SAMPLE_07.kraken2.report.txt:md5,2be78a4ac54d7cc035d34974bcbf1cf0",
                "SAMPLE_08.classified.fastq.gz:md5,281237c24a496ef70a8e13b53045d126",
                "SAMPLE_08.kraken2.report.txt:md5,1f7148d88723e60ddec21d17f966b904",
                "SAMPLE_09.classified.fastq.gz:md5,d41d8cd98f00b204e9800998ecf8427e",
                "SAMPLE_09.kraken2.report.txt:md5,5d7c578112c660554dec778e47f22f7d",
                "bcftools-stats-subtypes.yaml:md5,61ddae749794ff1f92491553976651ae",
                "bcftools_stats_indel-lengths.yaml:md5,e85b2eb59d738c65a054e19065b71fa4",
                "kraken-top-n-plot_Class.yaml:md5,80f44bb0bb39fa53956588ffb2c35191",
                "kraken-top-n-plot_Domain.yaml:md5,04514da42a3f34470e6233671fa3673b",
                "kraken-top-n-plot_Family.yaml:md5,0f416340ecf5065a9b42655e025feb3e",
                "kraken-top-n-plot_Genus.yaml:md5,1b5270f7fc3b714e1d111eef7a792723",
                "kraken-top-n-plot_Order.yaml:md5,59fd2cc84e57665090d7a65de7a55d30",
                "kraken-top-n-plot_Phylum.yaml:md5,b7b87f32a6b9bcb7cf69d10d95a4fce8",
                "kraken-top-n-plot_Unclassified.yaml:md5,d1ddc2f66a086568bd0eb986291759a2",
                "mosdepth-coverage-per-contig-single.yaml:md5,fa1f288dcee81d9f55b93b4305cc42e6",
                "mosdepth-cumcoverage-dist-id.yaml:md5,fe63c83dab2517bba64b500382050c67",
                "mosdepth_cov_dist.yaml:md5,46279b5163854b9bc9a9a18ed2ff7881",
                "mosdepth_cumcov_dist.yaml:md5,46279b5163854b9bc9a9a18ed2ff7881",
                "mosdepth_perchrom.yaml:md5,9a1cb66bd6de6da0f360bd2842050eb2",
                "multiqc_bcftools_stats.yaml:md5,bdd804add7e24967e02b1235246ffd90",
                "multiqc_citations.yaml:md5,f6a5976bbb1dbb8a839f64b168d37b37",
                "multiqc_fail_mapped_samples_nanopore.yaml:md5,a00dda31c5feb56c49d3ad711507ca52",
                "multiqc_fail_no_barcode_samples_table.yaml:md5,a2068fd5931030a8d949a29c63c3fadf",
                "multiqc_kraken.yaml:md5,5311269d140ffc1bfcc3315c9d90173d",
                "multiqc_nextclade_clade.yaml:md5,cf5a1379e07f4414d64414738dfd2b16",
                "multiqc_pangolin.yaml:md5,5d1f799b5813ee363b0c6a379206b6c2",
                "multiqc_quast.yaml:md5,3eb18b3866c3286167eeba708eafb49a",
                "multiqc_samtools_flagstat.yaml:md5,46a920810cf4f9b150021e9e1dcecc60",
                "multiqc_snpeff.yaml:md5,bd8764f1c652f8f4da94bd6d3fd0171b",
                "multiqc_summary_variants_metrics_plot_table.yaml:md5,0c618e806382ee403b6a42fd65861642",
                "pangolin_run_table.yaml:md5,e07aefacfa3008ed32e03817feaea0e0",
                "pycoqc_count_plot_Bases.yaml:md5,7d2db959e6f191000642d17d29326b1e",
                "pycoqc_count_plot_Reads.yaml:md5,647ee3cee55375c44fffb6887e8a38a1",
                "pycoqc_read_qual_plot_All_Reads.yaml:md5,ca731aa52ca76ea80002fc8cf2c55030",
                "pycoqc_read_qual_plot_Passing_Reads.yaml:md5,5097786e1462e40ea98740b5be038136",
                "pycoqc_stats_table.yaml:md5,7e91d1025c519911af28386064444b9a",
                "snpeff_effects.yaml:md5,135d0b168f65999667a6e9070a3e9f1f",
                "snpeff_variant_effects_class.yaml:md5,5c98ec61448c7a97545bddd6bd346ca7",
                "snpeff_variant_effects_impact.yaml:md5,0236545a5803c5de7370e65ce61234c1",
                "snpeff_variant_effects_region.yaml:md5,fd109b7ff62142110d965fd03cb68994"
            ]
        ],
        "meta": {
            "nf-test": "0.9.3",
            "nextflow": "26.04.0"
        },
        "timestamp": "2026-05-19T10:44:50.476722174"
    }
}